Archive member included to satisfy reference by file (symbol)

C:/Users/User/.mcuxpressotools/arm-gnu-toolchain-14.2.rel1-mingw-w64-x86_64-arm-none-eabi/bin/../lib/gcc/arm-none-eabi/14.2.1/thumb/v8-m.main+fp/hard\libm.a(libm_a-w_exp.o)
                              CMakeFiles/edge_ai_vibration_cm33_core0.dir/eed67934c269ebc1da66cdc17afb4ef9/sdks/frdm_mcxn947_blank_sdk/mcuxsdk/arch/arm/CMSIS/DSP/Source/FastMathFunctions/FastMathFunctions.c.obj (exp)
C:/Users/User/.mcuxpressotools/arm-gnu-toolchain-14.2.rel1-mingw-w64-x86_64-arm-none-eabi/bin/../lib/gcc/arm-none-eabi/14.2.1/thumb/v8-m.main+fp/hard\libm.a(libm_a-w_log.o)
                              CMakeFiles/edge_ai_vibration_cm33_core0.dir/eed67934c269ebc1da66cdc17afb4ef9/sdks/frdm_mcxn947_blank_sdk/mcuxsdk/arch/arm/CMSIS/DSP/Source/FastMathFunctions/FastMathFunctions.c.obj (log)
C:/Users/User/.mcuxpressotools/arm-gnu-toolchain-14.2.rel1-mingw-w64-x86_64-arm-none-eabi/bin/../lib/gcc/arm-none-eabi/14.2.1/thumb/v8-m.main+fp/hard\libm.a(libm_a-w_sqrt.o)
                              CMakeFiles/edge_ai_vibration_cm33_core0.dir/6ec368020485b0a8281c521f1b91c857/frdm_mcxn947_blank_sdk/mcuxsdk/arch/arm/CMSIS/DSP/Source/ComplexMathFunctions/ComplexMathFunctions.c.obj (sqrt)
C:/Users/User/.mcuxpressotools/arm-gnu-toolchain-14.2.rel1-mingw-w64-x86_64-arm-none-eabi/bin/../lib/gcc/arm-none-eabi/14.2.1/thumb/v8-m.main+fp/hard\libm.a(libm_a-s_cos.o)
                              CMakeFiles/edge_ai_vibration_cm33_core0.dir/eed67934c269ebc1da66cdc17afb4ef9/sdks/frdm_mcxn947_blank_sdk/mcuxsdk/arch/arm/CMSIS/DSP/Source/WindowFunctions/WindowFunctions.c.obj (cos)
C:/Users/User/.mcuxpressotools/arm-gnu-toolchain-14.2.rel1-mingw-w64-x86_64-arm-none-eabi/bin/../lib/gcc/arm-none-eabi/14.2.1/thumb/v8-m.main+fp/hard\libm.a(libm_a-s_fabs.o)
                              CMakeFiles/edge_ai_vibration_cm33_core0.dir/6ec368020485b0a8281c521f1b91c857/frdm_mcxn947_blank_sdk/mcuxsdk/arch/arm/CMSIS/DSP/Source/BasicMathFunctions/BasicMathFunctions.c.obj (fabs)
C:/Users/User/.mcuxpressotools/arm-gnu-toolchain-14.2.rel1-mingw-w64-x86_64-arm-none-eabi/bin/../lib/gcc/arm-none-eabi/14.2.1/thumb/v8-m.main+fp/hard\libm.a(libm_a-wf_exp.o)
                              CMakeFiles/edge_ai_vibration_cm33_core0.dir/eed67934c269ebc1da66cdc17afb4ef9/sdks/frdm_mcxn947_blank_sdk/mcuxsdk/arch/arm/CMSIS/DSP/Source/FastMathFunctions/FastMathFunctions.c.obj (expf)
C:/Users/User/.mcuxpressotools/arm-gnu-toolchain-14.2.rel1-mingw-w64-x86_64-arm-none-eabi/bin/../lib/gcc/arm-none-eabi/14.2.1/thumb/v8-m.main+fp/hard\libm.a(libm_a-wf_log.o)
                              CMakeFiles/edge_ai_vibration_cm33_core0.dir/eed67934c269ebc1da66cdc17afb4ef9/sdks/frdm_mcxn947_blank_sdk/mcuxsdk/arch/arm/CMSIS/DSP/Source/BayesFunctions/BayesFunctions.c.obj (logf)
C:/Users/User/.mcuxpressotools/arm-gnu-toolchain-14.2.rel1-mingw-w64-x86_64-arm-none-eabi/bin/../lib/gcc/arm-none-eabi/14.2.1/thumb/v8-m.main+fp/hard\libm.a(libm_a-wf_pow.o)
                              CMakeFiles/edge_ai_vibration_cm33_core0.dir/eed67934c269ebc1da66cdc17afb4ef9/sdks/frdm_mcxn947_blank_sdk/mcuxsdk/arch/arm/CMSIS/DSP/Source/DistanceFunctions/DistanceFunctions.c.obj (powf)
C:/Users/User/.mcuxpressotools/arm-gnu-toolchain-14.2.rel1-mingw-w64-x86_64-arm-none-eabi/bin/../lib/gcc/arm-none-eabi/14.2.1/thumb/v8-m.main+fp/hard\libm.a(libm_a-wf_sqrt.o)
                              CMakeFiles/edge_ai_vibration_cm33_core0.dir/eed67934c269ebc1da66cdc17afb4ef9/sdks/frdm_mcxn947_blank_sdk/mcuxsdk/arch/arm/CMSIS/DSP/Source/MatrixFunctions/MatrixFunctions.c.obj (sqrtf)
C:/Users/User/.mcuxpressotools/arm-gnu-toolchain-14.2.rel1-mingw-w64-x86_64-arm-none-eabi/bin/../lib/gcc/arm-none-eabi/14.2.1/thumb/v8-m.main+fp/hard\libm.a(libm_a-sf_cos.o)
                              CMakeFiles/edge_ai_vibration_cm33_core0.dir/eed67934c269ebc1da66cdc17afb4ef9/sdks/frdm_mcxn947_blank_sdk/mcuxsdk/arch/arm/CMSIS/DSP/Source/WindowFunctions/WindowFunctions.c.obj (cosf)
C:/Users/User/.mcuxpressotools/arm-gnu-toolchain-14.2.rel1-mingw-w64-x86_64-arm-none-eabi/bin/../lib/gcc/arm-none-eabi/14.2.1/thumb/v8-m.main+fp/hard\libm.a(libm_a-sf_fabs.o)
                              CMakeFiles/edge_ai_vibration_cm33_core0.dir/6ec368020485b0a8281c521f1b91c857/frdm_mcxn947_blank_sdk/mcuxsdk/arch/arm/CMSIS/DSP/Source/BasicMathFunctions/BasicMathFunctions.c.obj (fabsf)
C:/Users/User/.mcuxpressotools/arm-gnu-toolchain-14.2.rel1-mingw-w64-x86_64-arm-none-eabi/bin/../lib/gcc/arm-none-eabi/14.2.1/thumb/v8-m.main+fp/hard\libm.a(libm_a-sf_tanh.o)
                              CMakeFiles/edge_ai_vibration_cm33_core0.dir/C_/Users/User/OneDrive/Desktop/embedded_ai/sdks/frdm_mcxn947_blank_sdk/mcuxsdk/arch/arm/CMSIS/DSP/Source/SVMFunctions/SVMFunctions.c.obj (tanhf)
C:/Users/User/.mcuxpressotools/arm-gnu-toolchain-14.2.rel1-mingw-w64-x86_64-arm-none-eabi/bin/../lib/gcc/arm-none-eabi/14.2.1/thumb/v8-m.main+fp/hard\libm.a(libm_a-s_finite.o)
[...]
Memory Configuration

Name             Origin             Length             Attributes
m_interrupts     0x00000000         0x00000400         xr
m_text           0x00000400         0x000bfc00         xr
m_core1_image    0x000c0000         0x00040000         xr
m_data           0x20000000         0x0004e000         rw
rpmsg_sh_mem     0x2004e000         0x00000000         rw
m_flash1         0x00100000         0x00100000         xr
m_sramx          0x04000000         0x00018000         rw
m_flash_config   0x80000400         0x00000400         xr
m_usb_sram       0x400ba000         0x00001000         rw
*default*        0x00000000         0xffffffff

Linker script and memory map

LOAD C:/Users/User/.mcuxpressotools/arm-gnu-toolchain-14.2.rel1-mingw-w64-x86_64-arm-none-eabi/bin/../lib/gcc/arm-none-eabi/14.2.1/thumb/v8-m.main+fp/hard/crti.o
LOAD C:/Users/User/.mcuxpressotools/arm-gnu-toolchain-14.2.rel1-mingw-w64-x86_64-arm-none-eabi/bin/../lib/gcc/arm-none-eabi/14.2.1/thumb/v8-m.main+fp/hard/crtbegin.o
LOAD C:/Users/User/.mcuxpressotools/arm-gnu-toolchain-14.2.rel1-mingw-w64-x86_64-arm-none-eabi/bin/../lib/gcc/arm-none-eabi/14.2.1/thumb/v8-m.main+fp/hard/crt0.o
LOAD CMakeFiles/edge_ai_vibration_cm33_core0.dir/C_/Users/User/OneDrive/Desktop/embedded_ai/sdks/frdm_mcxn947_blank_sdk/mcuxsdk/devices/MCX/MCXN/MCXN947/system_MCXN947_cm33_core0.c.obj
LOAD CMakeFiles/edge_ai_vibration_cm33_core0.dir/eed67934c269ebc1da66cdc17afb4ef9/sdks/frdm_mcxn947_blank_sdk/mcuxsdk/devices/MCX/MCXN/MCXN947/gcc/startup_MCXN947_cm33_core0.S.obj
LOAD CMakeFiles/edge_ai_vibration_cm33_core0.dir/C_/Users/User/OneDrive/Desktop/embedded_ai/sdks/frdm_mcxn947_blank_sdk/mcuxsdk/devices/MCX/MCXN/MCXN947/drivers/fsl_clock.c.obj
LOAD CMakeFiles/edge_ai_vibration_cm33_core0.dir/C_/Users/User/OneDrive/Desktop/embedded_ai/sdks/frdm_mcxn947_blank_sdk/mcuxsdk/devices/MCX/MCXN/MCXN947/drivers/fsl_reset.c.obj
LOAD CMakeFiles/edge_ai_vibration_cm33_core0.dir/6ec368020485b0a8281c521f1b91c857/frdm_mcxn947_blank_sdk/mcuxsdk/arch/arm/CMSIS/DSP/Source/BasicMathFunctions/BasicMathFunctions.c.obj
LOAD CMakeFiles/edge_ai_vibration_cm33_core0.dir/6ec368020485b0a8281c521f1b91c857/frdm_mcxn947_blank_sdk/mcuxsdk/arch/arm/CMSIS/DSP/Source/BasicMathFunctions/BasicMathFunctionsF16.c.obj
LOAD CMakeFiles/edge_ai_vibration_cm33_core0.dir/eed67934c269ebc1da66cdc17afb4ef9/sdks/frdm_mcxn947_blank_sdk/mcuxsdk/arch/arm/CMSIS/DSP/Source/BayesFunctions/BayesFunctions.c.obj
LOAD CMakeFiles/edge_ai_vibration_cm33_core0.dir/eed67934c269ebc1da66cdc17afb4ef9/sdks/frdm_mcxn947_blank_sdk/mcuxsdk/arch/arm/CMSIS/DSP/Source/BayesFunctions/BayesFunctionsF16.c.obj
LOAD CMakeFiles/edge_ai_vibration_cm33_core0.dir/C_/Users/User/OneDrive/Desktop/embedded_ai/sdks/frdm_mcxn947_blank_sdk/mcuxsdk/arch/arm/CMSIS/DSP/Source/CommonTables/CommonTables.c.obj
LOAD CMakeFiles/edge_ai_vibration_cm33_core0.dir/eed67934c269ebc1da66cdc17afb4ef9/sdks/frdm_mcxn947_blank_sdk/mcuxsdk/arch/arm/CMSIS/DSP/Source/CommonTables/CommonTablesF16.c.obj
LOAD CMakeFiles/edge_ai_vibration_cm33_core0.dir/6ec368020485b0a8281c521f1b91c857/frdm_mcxn947_blank_sdk/mcuxsdk/arch/arm/CMSIS/DSP/Source/ComplexMathFunctions/ComplexMathFunctions.c.obj
LOAD CMakeFiles/edge_ai_vibration_cm33_core0.dir/63409d9591190ff722d6dfe567ea76bb/mcuxsdk/arch/arm/CMSIS/DSP/Source/ComplexMathFunctions/ComplexMathFunctionsF16.c.obj
LOAD CMakeFiles/edge_ai_vibration_cm33_core0.dir/6ec368020485b0a8281c521f1b91c857/frdm_mcxn947_blank_sdk/mcuxsdk/arch/arm/CMSIS/DSP/Source/ControllerFunctions/ControllerFunctions.c.obj
LOAD CMakeFiles/edge_ai_vibration_cm33_core0.dir/eed67934c269ebc1da66cdc17afb4ef9/sdks/frdm_mcxn947_blank_sdk/mcuxsdk/arch/arm/CMSIS/DSP/Source/DistanceFunctions/DistanceFunctions.c.obj
LOAD CMakeFiles/edge_ai_vibration_cm33_core0.dir/6ec368020485b0a8281c521f1b91c857/frdm_mcxn947_blank_sdk/mcuxsdk/arch/arm/CMSIS/DSP/Source/DistanceFunctions/DistanceFunctionsF16.c.obj
LOAD CMakeFiles/edge_ai_vibration_cm33_core0.dir/eed67934c269ebc1da66cdc17afb4ef9/sdks/frdm_mcxn947_blank_sdk/mcuxsdk/arch/arm/CMSIS/DSP/Source/FastMathFunctions/FastMathFunctions.c.obj
LOAD CMakeFiles/edge_ai_vibration_cm33_core0.dir/6ec368020485b0a8281c521f1b91c857/frdm_mcxn947_blank_sdk/mcuxsdk/arch/arm/CMSIS/DSP/Source/FastMathFunctions/FastMathFunctionsF16.c.obj
LOAD CMakeFiles/edge_ai_vibration_cm33_core0.dir/6ec368020485b0a8281c521f1b91c857/frdm_mcxn947_blank_sdk/mcuxsdk/arch/arm/CMSIS/DSP/Source/FilteringFunctions/FilteringFunctions.c.obj
LOAD CMakeFiles/edge_ai_vibration_cm33_core0.dir/6ec368020485b0a8281c521f1b91c857/frdm_mcxn947_blank_sdk/mcuxsdk/arch/arm/CMSIS/DSP/Source/FilteringFunctions/FilteringFunctionsF16.c.obj
LOAD CMakeFiles/edge_ai_vibration_cm33_core0.dir/63409d9591190ff722d6dfe567ea76bb/mcuxsdk/arch/arm/CMSIS/DSP/Source/InterpolationFunctions/InterpolationFunctions.c.obj
LOAD CMakeFiles/edge_ai_vibration_cm33_core0.dir/63409d9591190ff722d6dfe567ea76bb/mcuxsdk/arch/arm/CMSIS/DSP/Source/InterpolationFunctions/InterpolationFunctionsF16.c.obj
LOAD CMakeFiles/edge_ai_vibration_cm33_core0.dir/eed67934c269ebc1da66cdc17afb4ef9/sdks/frdm_mcxn947_blank_sdk/mcuxsdk/arch/arm/CMSIS/DSP/Source/MatrixFunctions/MatrixFunctions.c.obj
LOAD CMakeFiles/edge_ai_vibration_cm33_core0.dir/eed67934c269ebc1da66cdc17afb4ef9/sdks/frdm_mcxn947_blank_sdk/mcuxsdk/arch/arm/CMSIS/DSP/Source/MatrixFunctions/MatrixFunctionsF16.c.obj
LOAD CMakeFiles/edge_ai_vibration_cm33_core0.dir/63409d9591190ff722d6dfe567ea76bb/mcuxsdk/arch/arm/CMSIS/DSP/Source/QuaternionMathFunctions/QuaternionMathFunctions.c.obj
LOAD CMakeFiles/edge_ai_vibration_cm33_core0.dir/C_/Users/User/OneDrive/Desktop/embedded_ai/sdks/frdm_mcxn947_blank_sdk/mcuxsdk/arch/arm/CMSIS/DSP/Source/SVMFunctions/SVMFunctions.c.obj
LOAD CMakeFiles/edge_ai_vibration_cm33_core0.dir/eed67934c269ebc1da66cdc17afb4ef9/sdks/frdm_mcxn947_blank_sdk/mcuxsdk/arch/arm/CMSIS/DSP/Source/SVMFunctions/SVMFunctionsF16.c.obj
LOAD CMakeFiles/edge_ai_vibration_cm33_core0.dir/6ec368020485b0a8281c521f1b91c857/frdm_mcxn947_blank_sdk/mcuxsdk/arch/arm/CMSIS/DSP/Source/StatisticsFunctions/StatisticsFunctions.c.obj
LOAD CMakeFiles/edge_ai_vibration_cm33_core0.dir/63409d9591190ff722d6dfe567ea76bb/mcuxsdk/arch/arm/CMSIS/DSP/Source/StatisticsFunctions/StatisticsFunctionsF16.c.obj
LOAD CMakeFiles/edge_ai_vibration_cm33_core0.dir/eed67934c269ebc1da66cdc17afb4ef9/sdks/frdm_mcxn947_blank_sdk/mcuxsdk/arch/arm/CMSIS/DSP/Source/SupportFunctions/SupportFunctions.c.obj
LOAD CMakeFiles/edge_ai_vibration_cm33_core0.dir/eed67934c269ebc1da66cdc17afb4ef9/sdks/frdm_mcxn947_blank_sdk/mcuxsdk/arch/arm/CMSIS/DSP/Source/SupportFunctions/SupportFunctionsF16.c.obj
LOAD CMakeFiles/edge_ai_vibration_cm33_core0.dir/6ec368020485b0a8281c521f1b91c857/frdm_mcxn947_blank_sdk/mcuxsdk/arch/arm/CMSIS/DSP/Source/TransformFunctions/TransformFunctions.c.obj
LOAD CMakeFiles/edge_ai_vibration_cm33_core0.dir/6ec368020485b0a8281c521f1b91c857/frdm_mcxn947_blank_sdk/mcuxsdk/arch/arm/CMSIS/DSP/Source/TransformFunctions/TransformFunctionsF16.c.obj
LOAD CMakeFiles/edge_ai_vibration_cm33_core0.dir/eed67934c269ebc1da66cdc17afb4ef9/sdks/frdm_mcxn947_blank_sdk/mcuxsdk/arch/arm/CMSIS/DSP/Source/WindowFunctions/WindowFunctions.c.obj
LOAD CMakeFiles/edge_ai_vibration_cm33_core0.dir/C_/Users/User/OneDrive/Desktop/embedded_ai/sdks/frdm_mcxn947_blank_sdk/mcuxsdk/examples/_boards/frdmmcxn947/board.c.obj
LOAD CMakeFiles/edge_ai_vibration_cm33_core0.dir/C_/Users/User/OneDrive/Desktop/embedded_ai/sdks/frdm_mcxn947_blank_sdk/mcuxsdk/examples/_boards/frdmmcxn947/clock_config.c.obj
LOAD CMakeFiles/edge_ai_vibration_cm33_core0.dir/eed67934c269ebc1da66cdc17afb4ef9/sdks/frdm_mcxn947_blank_sdk/mcuxsdk/examples/_boards/frdmmcxn947/demo_apps/hello_world/pin_mux.c.obj
LOAD CMakeFiles/edge_ai_vibration_cm33_core0.dir/63409d9591190ff722d6dfe567ea76bb/mcuxsdk/examples/_boards/frdmmcxn947/demo_apps/hello_world/cm33_core0/hardware_init.c.obj
LOAD CMakeFiles/edge_ai_vibration_cm33_core0.dir/C_/Users/User/OneDrive/Desktop/embedded_ai/sdks/frdm_mcxn947_blank_sdk/mcuxsdk/drivers/common/fsl_common.c.obj
LOAD CMakeFiles/edge_ai_vibration_cm33_core0.dir/C_/Users/User/OneDrive/Desktop/embedded_ai/sdks/frdm_mcxn947_blank_sdk/mcuxsdk/drivers/common/fsl_common_arm.c.obj
LOAD CMakeFiles/edge_ai_vibration_cm33_core0.dir/C_/Users/User/OneDrive/Desktop/embedded_ai/sdks/frdm_mcxn947_blank_sdk/mcuxsdk/drivers/gpio/fsl_gpio.c.obj
LOAD CMakeFiles/edge_ai_vibration_cm33_core0.dir/C_/Users/User/OneDrive/Desktop/embedded_ai/sdks/frdm_mcxn947_blank_sdk/mcuxsdk/drivers/lpflexcomm/fsl_lpflexcomm.c.obj
LOAD CMakeFiles/edge_ai_vibration_cm33_core0.dir/C_/Users/User/OneDrive/Desktop/embedded_ai/sdks/frdm_mcxn947_blank_sdk/mcuxsdk/drivers/mcx_spc/fsl_spc.c.obj
LOAD CMakeFiles/edge_ai_vibration_cm33_core0.dir/C_/Users/User/OneDrive/Desktop/embedded_ai/sdks/frdm_mcxn947_blank_sdk/mcuxsdk/drivers/lpflexcomm/lpuart/fsl_lpuart.c.obj
LOAD CMakeFiles/edge_ai_vibration_cm33_core0.dir/C_/Users/User/OneDrive/Desktop/embedded_ai/sdks/frdm_mcxn947_blank_sdk/mcuxsdk/components/assert/fsl_assert.c.obj
LOAD CMakeFiles/edge_ai_vibration_cm33_core0.dir/C_/Users/User/OneDrive/Desktop/embedded_ai/sdks/frdm_mcxn947_blank_sdk/mcuxsdk/components/debug_console_lite/fsl_debug_console.c.obj
LOAD CMakeFiles/edge_ai_vibration_cm33_core0.dir/C_/Users/User/OneDrive/Desktop/embedded_ai/sdks/frdm_mcxn947_blank_sdk/mcuxsdk/components/misc_utilities/fsl_syscall_stub.c.obj
LOAD CMakeFiles/edge_ai_vibration_cm33_core0.dir/C_/Users/User/OneDrive/Desktop/embedded_ai/sdks/frdm_mcxn947_blank_sdk/mcuxsdk/components/misc_utilities/fsl_sbrk.c.obj
LOAD CMakeFiles/edge_ai_vibration_cm33_core0.dir/C_/Users/User/OneDrive/Desktop/embedded_ai/sdks/frdm_mcxn947_blank_sdk/mcuxsdk/components/misc_utilities/fsl_memcpy.S.obj
LOAD CMakeFiles/edge_ai_vibration_cm33_core0.dir/C_/Users/User/OneDrive/Desktop/embedded_ai/sdks/frdm_mcxn947_blank_sdk/mcuxsdk/components/str/fsl_str.c.obj
LOAD CMakeFiles/edge_ai_vibration_cm33_core0.dir/C_/Users/User/OneDrive/Desktop/embedded_ai/sdks/frdm_mcxn947_blank_sdk/mcuxsdk/components/uart/fsl_adapter_lpuart.c.obj
LOAD CMakeFiles/edge_ai_vibration_cm33_core0.dir/app/main.c.obj
LOAD CMakeFiles/edge_ai_vibration_cm33_core0.dir/edge_ai_vibration.c.obj
LOAD CMakeFiles/edge_ai_vibration_cm33_core0.dir/dsp/signal_generator.c.obj
LOAD CMakeFiles/edge_ai_vibration_cm33_core0.dir/dsp/fft_engine.c.obj
LOAD CMakeFiles/edge_ai_vibration_cm33_core0.dir/dsp/feature_extraction.c.obj
LOAD CMakeFiles/edge_ai_vibration_cm33_core0.dir/ai/anomaly_detector.c.obj
LOAD CMakeFiles/edge_ai_vibration_cm33_core0.dir/edge_ai_vibration/peripherals.c.obj
START GROUP
LOAD C:/Users/User/.mcuxpressotools/arm-gnu-toolchain-14.2.rel1-mingw-w64-x86_64-arm-none-eabi/bin/../lib/gcc/arm-none-eabi/14.2.1/thumb/v8-m.main+fp/hard\libm.a
LOAD C:/Users/User/.mcuxpressotools/arm-gnu-toolchain-14.2.rel1-mingw-w64-x86_64-arm-none-eabi/bin/../lib/gcc/arm-none-eabi/14.2.1/thumb/v8-m.main+fp/hard\libc_nano.a
LOAD C:/Users/User/.mcuxpressotools/arm-gnu-toolchain-14.2.rel1-mingw-w64-x86_64-arm-none-eabi/bin/../lib/gcc/arm-none-eabi/14.2.1/thumb/v8-m.main+fp/hard\libgcc.a
LOAD C:/Users/User/.mcuxpressotools/arm-gnu-toolchain-14.2.rel1-mingw-w64-x86_64-arm-none-eabi/bin/../lib/gcc/arm-none-eabi/14.2.1/thumb/v8-m.main+fp/hard\libnosys.a
END GROUP
START GROUP
LOAD C:/Users/User/.mcuxpressotools/arm-gnu-toolchain-14.2.rel1-mingw-w64-x86_64-arm-none-eabi/bin/../lib/gcc/arm-none-eabi/14.2.1/thumb/v8-m.main+fp/hard\libgcc.a
LOAD C:/Users/User/.mcuxpressotools/arm-gnu-toolchain-14.2.rel1-mingw-w64-x86_64-arm-none-eabi/bin/../lib/gcc/arm-none-eabi/14.2.1/thumb/v8-m.main+fp/hard\libg_nano.a
LOAD C:/Users/User/.mcuxpressotools/arm-gnu-toolchain-14.2.rel1-mingw-w64-x86_64-arm-none-eabi/bin/../lib/gcc/arm-none-eabi/14.2.1/thumb/v8-m.main+fp/hard\libc_nano.a
END GROUP
START GROUP
LOAD C:/Users/User/.mcuxpressotools/arm-gnu-toolchain-14.2.rel1-mingw-w64-x86_64-arm-none-eabi/bin/../lib/gcc/arm-none-eabi/14.2.1/thumb/v8-m.main+fp/hard\libgcc.a
LOAD C:/Users/User/.mcuxpressotools/arm-gnu-toolchain-14.2.rel1-mingw-w64-x86_64-arm-none-eabi/bin/../lib/gcc/arm-none-eabi/14.2.1/thumb/v8-m.main+fp/hard\libc_nano.a
LOAD C:/Users/User/.mcuxpressotools/arm-gnu-toolchain-14.2.rel1-mingw-w64-x86_64-arm-none-eabi/bin/../lib/gcc/arm-none-eabi/14.2.1/thumb/v8-m.main+fp/hard\libnosys.a
END GROUP
START GROUP
LOAD C:/Users/User/.mcuxpressotools/arm-gnu-toolchain-14.2.rel1-mingw-w64-x86_64-arm-none-eabi/bin/../lib/gcc/arm-none-eabi/14.2.1/thumb/v8-m.main+fp/hard\libgcc.a
LOAD C:/Users/User/.mcuxpressotools/arm-gnu-toolchain-14.2.rel1-mingw-w64-x86_64-arm-none-eabi/bin/../lib/gcc/arm-none-eabi/14.2.1/thumb/v8-m.main+fp/hard\libc_nano.a
LOAD C:/Users/User/.mcuxpressotools/arm-gnu-toolchain-14.2.rel1-mingw-w64-x86_64-arm-none-eabi/bin/../lib/gcc/arm-none-eabi/14.2.1/thumb/v8-m.main+fp/hard\libnosys.a
END GROUP
LOAD C:/Users/User/.mcuxpressotools/arm-gnu-toolchain-14.2.rel1-mingw-w64-x86_64-arm-none-eabi/bin/../lib/gcc/arm-none-eabi/14.2.1/thumb/v8-m.main+fp/hard/crtend.o
LOAD C:/Users/User/.mcuxpressotools/arm-gnu-toolchain-14.2.rel1-mingw-w64-x86_64-arm-none-eabi/bin/../lib/gcc/arm-none-eabi/14.2.1/thumb/v8-m.main+fp/hard/crtn.o
                0x00000400                        HEAP_SIZE = DEFINED (__heap_size__)?__heap_size__:0x400
                0x00000800                        STACK_SIZE = DEFINED (__stack_size__)?__stack_size__:0x800
                0x00000000                        RPMSG_SHMEM_SIZE = DEFINED (__use_shmem__)?0x2000:0x0
                0x00000000                        TEXT_START = DEFINED (__qspi_xip__)?0x80001000:0x0
                0x000c0000                        TEXT_SIZE = DEFINED (__qspi_xip__)?0xffff000:0xc0000

.core1_code     0x000c0000        0x0
                0x000c0000                        . = ALIGN (0x4)
 *(.core1_code)
 *(.core1_code*)
                0x000c0000                        . = ALIGN (0x4)

.noinit_rpmsg_sh_mem
                0x2004e000        0x0
                0x2004e000                        __RPMSG_SH_MEM_START__ = .
 *(.noinit.$rpmsg_sh_mem*)
                0x2004e000                        . = ALIGN (0x4)
                0x2004e000                        __RPMSG_SH_MEM_END__ = .

.flash_config   0x80000400        0x0
                0x80000400                        . = ALIGN (0x4)
                0x80000400                        __FLASH_BASE = .
 *(.flexspi_fcb)
                0x80000400                        . = ALIGN (0x4)

.interrupts     0x00000000      0x2b0
                0x00000000                        . = ALIGN (0x4)
 *(.isr_vector)
 .isr_vector    0x00000000      0x2b0 CMakeFiles/edge_ai_vibration_cm33_core0.dir/eed67934c269ebc1da66cdc17afb4ef9/sdks/frdm_mcxn947_blank_sdk/mcuxsdk/devices/MCX/MCXN/MCXN947/gcc/startup_MCXN947_cm33_core0.S.obj
                0x00000000                __Vectors
                0x000002b0                        . = ALIGN (0x4)

.text           0x00000400    0x1c000
                0x00000400                        . = ALIGN (0x4)
 *(.text)
 .text          0x00000400       0x7c C:/Users/User/.mcuxpressotools/arm-gnu-toolchain-14.2.rel1-mingw-w64-x86_64-arm-none-eabi/bin/../lib/gcc/arm-none-eabi/14.2.1/thumb/v8-m.main+fp/hard/crt0.o
                0x00000400                _stack_init
                0x00000408                _start
                0x00000408                _mainCRTStartup
 .text          0x0000047c      0x5a0 CMakeFiles/edge_ai_vibration_cm33_core0.dir/eed67934c269ebc1da66cdc17afb4ef9/sdks/frdm_mcxn947_blank_sdk/mcuxsdk/devices/MCX/MCXN/MCXN947/gcc/startup_MCXN947_cm33_core0.S.obj
                0x0000047c                Reset_Handler
                0x00000510                EDMA_1_CH5_DriverIRQHandler
                0x00000510                GPIO41_DriverIRQHandler
                0x00000510                PINT0_DriverIRQHandler
                0x00000510                WWDT1_DriverIRQHandler
                0x00000510                SINC_FILTER_DriverIRQHandler
                0x00000510                DebugMon_Handler
                0x00000510                EDMA_1_CH13_DriverIRQHandler
                0x00000510                OS_EVENT_DriverIRQHandler
                0x00000510                FLEXPWM0_SUBMODULE0_DriverIRQHandler
                0x00000510                EMVSIM0_DriverIRQHandler
                0x00000510                I3C0_DriverIRQHandler
                0x00000510                USB0_FS_DriverIRQHandler
                0x00000510                PKC_ERR_DriverIRQHandler
                0x00000510                QDC1_HOME_DriverIRQHandler
                0x00000510                PLU_DriverIRQHandler
                0x00000510                CAN1_DriverIRQHandler
                0x00000510                SCT0_DriverIRQHandler
                0x00000510                GPIO10_DriverIRQHandler
                0x00000510                GPIO50_DriverIRQHandler
                0x00000510                FLEXSPI0_DriverIRQHandler
                0x00000510                EDMA_0_CH5_DriverIRQHandler
                0x00000510                EDMA_1_CH12_DriverIRQHandler
                0x00000510                EDMA_0_CH14_DriverIRQHandler
                0x00000510                EDMA_1_CH0_DriverIRQHandler
                0x00000510                SCG_DriverIRQHandler
                0x00000510                EDMA_1_CH10_DriverIRQHandler
                0x00000510                CMC0_DriverIRQHandler
                0x00000510                EDMA_0_CH15_DriverIRQHandler
                0x00000510                BusFault_Handler
                0x00000510                LPTMR0_DriverIRQHandler
                0x00000510                EDMA_0_CH2_DriverIRQHandler
                0x00000510                EDMA_0_CH7_DriverIRQHandler
                0x00000510                I3C1_DriverIRQHandler
                0x00000510                FLEXPWM1_SUBMODULE1_DriverIRQHandler
                0x00000510                FLEXPWM0_SUBMODULE1_DriverIRQHandler
                0x00000510                EMVSIM1_DriverIRQHandler
                0x00000510                SAI0_DriverIRQHandler
                0x00000510                SMARTDMA_DriverIRQHandler
                0x00000510                EDMA_1_CH11_DriverIRQHandler
                0x00000510                CAN0_DriverIRQHandler
                0x00000510                FLEXPWM0_RELOAD_ERROR_DriverIRQHandler
                0x00000510                CDOG0_DriverIRQHandler
                0x00000510                EDMA_0_CH12_DriverIRQHandler
                0x00000510                QDC0_WDG_SAB_DriverIRQHandler
                0x00000510                HSCMP0_DriverIRQHandler
                0x00000510                QDC0_HOME_DriverIRQHandler
                0x00000510                Reserved167_DriverIRQHandler
                0x00000510                GPIO51_DriverIRQHandler
                0x00000510                EDMA_1_CH9_DriverIRQHandler
                0x00000510                SEC_VIO_DriverIRQHandler
                0x00000510                DAC2_DriverIRQHandler
                0x00000510                ERM_MULTI_BIT_ERROR_DriverIRQHandler
                0x00000510                EDMA_0_CH1_DriverIRQHandler
                0x00000510                GPIO31_DriverIRQHandler
                0x00000510                EWM0_DriverIRQHandler
                0x00000510                PKC_DriverIRQHandler
                0x00000510                Reserved113_DriverIRQHandler
                0x00000510                USB1_HS_DriverIRQHandler
                0x00000510                EDMA_0_CH10_DriverIRQHandler
                0x00000510                USB1_HS_PHY_DriverIRQHandler
                0x00000510                EDMA_0_CH13_DriverIRQHandler
                0x00000510                QDC0_IDX_DriverIRQHandler
                0x00000510                ELS_DriverIRQHandler
                0x00000510                OR_DriverIRQHandler
                0x00000510                ADC0_DriverIRQHandler
                0x00000510                FLEXPWM0_SUBMODULE3_DriverIRQHandler
                0x00000510                Reserved166_DriverIRQHandler
                0x00000510                EDMA_1_CH2_DriverIRQHandler
                0x00000510                ETHERNET_DriverIRQHandler
                0x00000510                TSI_END_OF_SCAN_DriverIRQHandler
                0x00000510                Reserved81_DriverIRQHandler
                0x00000510                QDC1_IDX_DriverIRQHandler
                0x00000510                EDMA_1_CH14_DriverIRQHandler
                0x00000510                FLEXPWM1_SUBMODULE3_DriverIRQHandler
                0x00000510                EDMA_1_CH7_DriverIRQHandler
                0x00000510                EDMA_1_CH6_DriverIRQHandler
                0x00000510                DAC1_DriverIRQHandler
                0x00000510                Reserved85_DriverIRQHandler
                0x00000510                CTIMER2_DriverIRQHandler
                0x00000510                PORT_EFT_DriverIRQHandler
                0x00000510                GDET_DriverIRQHandler
                0x00000510                UsageFault_Handler
                0x00000510                ITRC0_DriverIRQHandler
                0x00000510                EDMA_1_CH8_DriverIRQHandler
                0x00000510                EDMA_0_CH9_DriverIRQHandler
                0x00000510                QDC1_WDG_SAB_DriverIRQHandler
                0x00000510                ETB0_DriverIRQHandler
                0x00000510                Freqme_DriverIRQHandler
                0x00000510                Reserved80_DriverIRQHandler
                0x00000510                DefaultISR
                0x00000510                GPIO20_DriverIRQHandler
                0x00000510                FLEXPWM1_SUBMODULE2_DriverIRQHandler
                0x00000510                EDMA_1_CH15_DriverIRQHandler
                0x00000510                EDMA_1_CH3_DriverIRQHandler
                0x00000510                GPIO40_DriverIRQHandler
                0x00000510                ELS_ERR_DriverIRQHandler
                0x00000510                FLEXIO_DriverIRQHandler
                0x00000510                DAC0_DriverIRQHandler
                0x00000510                MRT0_DriverIRQHandler
                0x00000510                UTICK0_DriverIRQHandler
                0x00000510                FLEXPWM0_SUBMODULE2_DriverIRQHandler
                0x00000510                GPIO01_DriverIRQHandler
                0x00000510                EDMA_0_CH3_DriverIRQHandler
                0x00000510                WWDT0_DriverIRQHandler
                0x00000510                USDHC0_DriverIRQHandler
                0x00000510                CTI0_DriverIRQHandler
                0x00000510                LPTMR1_DriverIRQHandler
                0x00000510                GPIO00_DriverIRQHandler
                0x00000510                EDMA_0_CH8_DriverIRQHandler
                0x00000510                QDC1_COMPARE_DriverIRQHandler
                0x00000510                EDMA_0_CH4_DriverIRQHandler
                0x00000510                FMU0_DriverIRQHandler
                0x00000510                GPIO11_DriverIRQHandler
                0x00000510                FLEXPWM1_RELOAD_ERROR_DriverIRQHandler
                0x00000510                ETHERNET_PMT_DriverIRQHandler
                0x00000510                PDM_EVENT_DriverIRQHandler
                0x00000510                CTIMER4_DriverIRQHandler
                0x00000510                MemManage_Handler
                0x00000510                BSP32_DriverIRQHandler
                0x00000510                FLEXPWM0_FAULT_DriverIRQHandler
                0x00000510                EDMA_1_CH1_DriverIRQHandler
                0x00000510                HSCMP1_DriverIRQHandler
                0x00000510                EDMA_0_CH0_DriverIRQHandler
                0x00000510                SAI1_DriverIRQHandler
                0x00000510                HSCMP2_DriverIRQHandler
                0x00000510                Reserved65_DriverIRQHandler
                0x00000510                VBAT0_DriverIRQHandler
                0x00000510                RTC_DriverIRQHandler
                0x00000510                SPC_DriverIRQHandler
                0x00000510                PUF_DriverIRQHandler
                0x00000510                ERM_SINGLE_BIT_ERROR_DriverIRQHandler
                0x00000510                EDMA_1_CH4_DriverIRQHandler
                0x00000510                GPIO21_DriverIRQHandler
                0x00000510                TSI_OUT_OF_SCAN_DriverIRQHandler
                0x00000510                CDOG1_DriverIRQHandler
                0x00000510                FLEXPWM1_SUBMODULE0_DriverIRQHandler
                0x00000510                CTIMER3_DriverIRQHandler
                0x00000510                EDMA_0_CH6_DriverIRQHandler
                0x00000510                WUU_DriverIRQHandler
                0x00000510                FLEXPWM1_FAULT_DriverIRQHandler
                0x00000510                GPIO30_DriverIRQHandler
                0x00000510                EDMA_0_CH11_DriverIRQHandler
                0x00000510                CTIMER0_DriverIRQHandler
                0x00000510                MAILBOX_DriverIRQHandler
                0x00000510                USB0_DCD_DriverIRQHandler
                0x00000510                CTIMER1_DriverIRQHandler
                0x00000510                QDC0_COMPARE_DriverIRQHandler
                0x00000510                ETHERNET_MACLP_DriverIRQHandler
                0x00000510                SecureFault_Handler
                0x00000510                ADC1_DriverIRQHandler
                0x00000510                PQ_DriverIRQHandler
                0x00000510                SEC_HYPERVISOR_CALL_DriverIRQHandler
                0x00000514                NMI_Handler
                0x00000518                HardFault_Handler
                0x0000051c                SVC_Handler
                0x00000520                PendSV_Handler
                0x00000524                SysTick_Handler
                0x00000528                OR_IRQHandler
                0x0000052c                EDMA_0_CH0_IRQHandler
                0x00000530                EDMA_0_CH1_IRQHandler
                0x00000534                EDMA_0_CH2_IRQHandler
                0x00000538                EDMA_0_CH3_IRQHandler
                0x0000053c                EDMA_0_CH4_IRQHandler
                0x00000540                EDMA_0_CH5_IRQHandler
                0x00000544                EDMA_0_CH6_IRQHandler
                0x00000548                EDMA_0_CH7_IRQHandler
                0x0000054c                EDMA_0_CH8_IRQHandler
                0x00000550                EDMA_0_CH9_IRQHandler
                0x00000554                EDMA_0_CH10_IRQHandler
                0x00000558                EDMA_0_CH11_IRQHandler
                0x0000055c                EDMA_0_CH12_IRQHandler
                0x00000560                EDMA_0_CH13_IRQHandler
                0x00000564                EDMA_0_CH14_IRQHandler
                0x00000568                EDMA_0_CH15_IRQHandler
                0x0000056c                GPIO00_IRQHandler
                0x00000570                GPIO01_IRQHandler
                0x00000574                GPIO10_IRQHandler
                0x00000578                GPIO11_IRQHandler
                0x0000057c                GPIO20_IRQHandler
                0x00000580                GPIO21_IRQHandler
                0x00000584                GPIO30_IRQHandler
                0x00000588                GPIO31_IRQHandler
                0x0000058c                GPIO40_IRQHandler
                0x00000590                GPIO41_IRQHandler
                0x00000594                GPIO50_IRQHandler
                0x00000598                GPIO51_IRQHandler
                0x0000059c                UTICK0_IRQHandler
                0x000005a0                MRT0_IRQHandler
                0x000005a4                CTIMER0_IRQHandler
                0x000005a8                CTIMER1_IRQHandler
                0x000005ac                SCT0_IRQHandler
                0x000005b0                CTIMER2_IRQHandler
                0x000005b4                LP_FLEXCOMM0_IRQHandler
                0x000005b8                LP_FLEXCOMM1_IRQHandler
                0x000005bc                LP_FLEXCOMM2_IRQHandler
                0x000005c0                LP_FLEXCOMM3_IRQHandler
                0x000005c4                LP_FLEXCOMM4_IRQHandler
                0x000005c8                LP_FLEXCOMM5_IRQHandler
                0x000005cc                LP_FLEXCOMM6_IRQHandler
                0x000005d0                LP_FLEXCOMM7_IRQHandler
                0x000005d4                LP_FLEXCOMM8_IRQHandler
                0x000005d8                LP_FLEXCOMM9_IRQHandler
                0x000005dc                ADC0_IRQHandler
                0x000005e0                ADC1_IRQHandler
                0x000005e4                PINT0_IRQHandler
                0x000005e8                PDM_EVENT_IRQHandler
                0x000005ec                Reserved65_IRQHandler
                0x000005f0                USB0_FS_IRQHandler
                0x000005f4                USB0_DCD_IRQHandler
                0x000005f8                RTC_IRQHandler
                0x000005fc                SMARTDMA_IRQHandler
                0x00000600                MAILBOX_IRQHandler
                0x00000604                CTIMER3_IRQHandler
                0x00000608                CTIMER4_IRQHandler
                0x0000060c                OS_EVENT_IRQHandler
                0x00000610                FLEXSPI0_IRQHandler
                0x00000614                SAI0_IRQHandler
                0x00000618                SAI1_IRQHandler
                0x0000061c                USDHC0_IRQHandler
                0x00000620                CAN0_IRQHandler
                0x00000624                CAN1_IRQHandler
                0x00000628                Reserved80_IRQHandler
                0x0000062c                Reserved81_IRQHandler
                0x00000630                USB1_HS_PHY_IRQHandler
                0x00000634                USB1_HS_IRQHandler
                0x00000638                SEC_HYPERVISOR_CALL_IRQHandler
                0x0000063c                Reserved85_IRQHandler
                0x00000640                PLU_IRQHandler
                0x00000644                Freqme_IRQHandler
                0x00000648                SEC_VIO_IRQHandler
                0x0000064c                ELS_IRQHandler
                0x00000650                PKC_IRQHandler
                0x00000654                PUF_IRQHandler
                0x00000658                PQ_IRQHandler
                0x0000065c                EDMA_1_CH0_IRQHandler
                0x00000660                EDMA_1_CH1_IRQHandler
                0x00000664                EDMA_1_CH2_IRQHandler
                0x00000668                EDMA_1_CH3_IRQHandler
                0x0000066c                EDMA_1_CH4_IRQHandler
                0x00000670                EDMA_1_CH5_IRQHandler
                0x00000674                EDMA_1_CH6_IRQHandler
                0x00000678                EDMA_1_CH7_IRQHandler
                0x0000067c                EDMA_1_CH8_IRQHandler
                0x00000680                EDMA_1_CH9_IRQHandler
                0x00000684                EDMA_1_CH10_IRQHandler
                0x00000688                EDMA_1_CH11_IRQHandler
                0x0000068c                EDMA_1_CH12_IRQHandler
                0x00000690                EDMA_1_CH13_IRQHandler
                0x00000694                EDMA_1_CH14_IRQHandler
                0x00000698                EDMA_1_CH15_IRQHandler
                0x0000069c                CDOG0_IRQHandler
                0x000006a0                CDOG1_IRQHandler
                0x000006a4                I3C0_IRQHandler
                0x000006a8                I3C1_IRQHandler
                0x000006ac                Reserved113_IRQHandler
                0x000006b0                GDET_IRQHandler
                0x000006b4                VBAT0_IRQHandler
                0x000006b8                EWM0_IRQHandler
                0x000006bc                TSI_END_OF_SCAN_IRQHandler
                0x000006c0                TSI_OUT_OF_SCAN_IRQHandler
                0x000006c4                EMVSIM0_IRQHandler
                0x000006c8                EMVSIM1_IRQHandler
                0x000006cc                FLEXIO_IRQHandler
                0x000006d0                DAC0_IRQHandler
                0x000006d4                DAC1_IRQHandler
                0x000006d8                DAC2_IRQHandler
                0x000006dc                HSCMP0_IRQHandler
                0x000006e0                HSCMP1_IRQHandler
                0x000006e4                HSCMP2_IRQHandler
                0x000006e8                FLEXPWM0_RELOAD_ERROR_IRQHandler
                0x000006ec                FLEXPWM0_FAULT_IRQHandler
                0x000006f0                FLEXPWM0_SUBMODULE0_IRQHandler
                0x000006f4                FLEXPWM0_SUBMODULE1_IRQHandler
                0x000006f8                FLEXPWM0_SUBMODULE2_IRQHandler
                0x000006fc                FLEXPWM0_SUBMODULE3_IRQHandler
                0x00000700                FLEXPWM1_RELOAD_ERROR_IRQHandler
                0x00000704                FLEXPWM1_FAULT_IRQHandler
                0x00000708                FLEXPWM1_SUBMODULE0_IRQHandler
                0x0000070c                FLEXPWM1_SUBMODULE1_IRQHandler
                0x00000710                FLEXPWM1_SUBMODULE2_IRQHandler
                0x00000714                FLEXPWM1_SUBMODULE3_IRQHandler
                0x00000718                QDC0_COMPARE_IRQHandler
                0x0000071c                QDC0_HOME_IRQHandler
                0x00000720                QDC0_WDG_SAB_IRQHandler
                0x00000724                QDC0_IDX_IRQHandler
                0x00000728                QDC1_COMPARE_IRQHandler
                0x0000072c                QDC1_HOME_IRQHandler
                0x00000730                QDC1_WDG_SAB_IRQHandler
                0x00000734                QDC1_IDX_IRQHandler
                0x00000738                ITRC0_IRQHandler
                0x0000073c                BSP32_IRQHandler
                0x00000740                ELS_ERR_IRQHandler
                0x00000744                PKC_ERR_IRQHandler
                0x00000748                ERM_SINGLE_BIT_ERROR_IRQHandler
                0x0000074c                ERM_MULTI_BIT_ERROR_IRQHandler
                0x00000750                FMU0_IRQHandler
                0x00000754                ETHERNET_IRQHandler
                0x00000758                ETHERNET_PMT_IRQHandler
                0x0000075c                ETHERNET_MACLP_IRQHandler
                0x00000760                SINC_FILTER_IRQHandler
                0x00000764                LPTMR0_IRQHandler
                0x00000768                LPTMR1_IRQHandler
                0x0000076c                SCG_IRQHandler
                0x00000770                SPC_IRQHandler
                0x00000774                WUU_IRQHandler
                0x00000778                PORT_EFT_IRQHandler
                0x0000077c                ETB0_IRQHandler
                0x00000780                Reserved166_IRQHandler
                0x00000784                Reserved167_IRQHandler
                0x00000788                WWDT0_IRQHandler
                0x0000078c                WWDT1_IRQHandler
                0x00000790                CMC0_IRQHandler
                0x00000794                CTI0_IRQHandler
 .text          0x00000a1c       0xa0 CMakeFiles/edge_ai_vibration_cm33_core0.dir/C_/Users/User/OneDrive/Desktop/embedded_ai/sdks/frdm_mcxn947_blank_sdk/mcuxsdk/components/misc_utilities/fsl_memcpy.S.obj
                0x00000a1c                memcpy
 .text          0x00000abc       0x10 C:/Users/User/.mcuxpressotools/arm-gnu-toolchain-14.2.rel1-mingw-w64-x86_64-arm-none-eabi/bin/../lib/gcc/arm-none-eabi/14.2.1/thumb/v8-m.main+fp/hard\libc_nano.a(libc_a-strlen.o)
                0x00000abc                strlen
 .text          0x00000acc      0x378 C:/Users/User/.mcuxpressotools/arm-gnu-toolchain-14.2.rel1-mingw-w64-x86_64-arm-none-eabi/bin/../lib/gcc/arm-none-eabi/14.2.1/thumb/v8-m.main+fp/hard\libgcc.a(_arm_addsubdf3.o)
                0x00000acc                __aeabi_drsub
                0x00000ad4                __aeabi_dsub
                0x00000ad4                __subdf3
                0x00000ad8                __aeabi_dadd
                0x00000ad8                __adddf3
                0x00000d50                __floatunsidf
                0x00000d50                __aeabi_ui2d
                0x00000d70                __floatsidf
                0x00000d70                __aeabi_i2d
                0x00000d94                __aeabi_f2d
                0x00000d94                __extendsfdf2
                0x00000dd8                __floatundidf
                0x00000dd8                __aeabi_ul2d
                0x00000de8                __floatdidf
                0x00000de8                __aeabi_l2d
 .text          0x00000e44      0x424 C:/Users/User/.mcuxpressotools/arm-gnu-toolchain-14.2.rel1-mingw-w64-x86_64-arm-none-eabi/bin/../lib/gcc/arm-none-eabi/14.2.1/thumb/v8-m.main+fp/hard\libgcc.a(_arm_muldivdf3.o)
                0x00000e44                __aeabi_dmul
                0x00000e44                __muldf3
                0x00001098                __divdf3
                0x00001098                __aeabi_ddiv
 .text          0x00001268       0x30 C:/Users/User/.mcuxpressotools/arm-gnu-toolchain-14.2.rel1-mingw-w64-x86_64-arm-none-eabi/bin/../lib/gcc/arm-none-eabi/14.2.1/thumb/v8-m.main+fp/hard\libgcc.a(_aeabi_uldivmod.o)
                0x00001268                __aeabi_uldivmod
 .text          0x00001298        0x4 C:/Users/User/.mcuxpressotools/arm-gnu-toolchain-14.2.rel1-mingw-w64-x86_64-arm-none-eabi/bin/../lib/gcc/arm-none-eabi/14.2.1/thumb/v8-m.main+fp/hard\libgcc.a(_dvmd_tls.o)
                0x00001298                __aeabi_idiv0
                0x00001298                __aeabi_ldiv0
 .text          0x0000129c       0x40 C:/Users/User/.mcuxpressotools/arm-gnu-toolchain-14.2.rel1-mingw-w64-x86_64-arm-none-eabi/bin/../lib/gcc/arm-none-eabi/14.2.1/thumb/v8-m.main+fp/hard\libgcc.a(_arm_fixunsdfsi.o)
                0x0000129c                __aeabi_d2uiz
                0x0000129c                __fixunsdfsi
 *(.text*)
 .text.deregister_tm_clones
                0x000012dc       0x1c C:/Users/User/.mcuxpressotools/arm-gnu-toolchain-14.2.rel1-mingw-w64-x86_64-arm-none-eabi/bin/../lib/gcc/arm-none-eabi/14.2.1/thumb/v8-m.main+fp/hard/crtbegin.o
 .text.register_tm_clones
                0x000012f8       0x28 C:/Users/User/.mcuxpressotools/arm-gnu-toolchain-14.2.rel1-mingw-w64-x86_64-arm-none-eabi/bin/../lib/gcc/arm-none-eabi/14.2.1/thumb/v8-m.main+fp/hard/crtbegin.o
 .text.__do_global_dtors_aux
                0x00001320       0x28 C:/Users/User/.mcuxpressotools/arm-gnu-toolchain-14.2.rel1-mingw-w64-x86_64-arm-none-eabi/bin/../lib/gcc/arm-none-eabi/14.2.1/thumb/v8-m.main+fp/hard/crtbegin.o
 .text.frame_dummy
                0x00001348       0x24 C:/Users/User/.mcuxpressotools/arm-gnu-toolchain-14.2.rel1-mingw-w64-x86_64-arm-none-eabi/bin/../lib/gcc/arm-none-eabi/14.2.1/thumb/v8-m.main+fp/hard/crtbegin.o
 .text.SystemInit
                0x0000136c      0x124 CMakeFiles/edge_ai_vibration_cm33_core0.dir/C_/Users/User/OneDrive/Desktop/embedded_ai/sdks/frdm_mcxn947_blank_sdk/mcuxsdk/devices/MCX/MCXN/MCXN947/system_MCXN947_cm33_core0.c.obj
                0x0000136c                SystemInit
 .text.SystemInitHook
                0x00001490        0xe CMakeFiles/edge_ai_vibration_cm33_core0.dir/C_/Users/User/OneDrive/Desktop/embedded_ai/sdks/frdm_mcxn947_blank_sdk/mcuxsdk/devices/MCX/MCXN/MCXN947/system_MCXN947_cm33_core0.c.obj
                0x00001490                SystemInitHook
 *fill*         0x0000149e        0x2 
 .text.CLOCK_IsPLL0Locked
                0x000014a0       0x28 CMakeFiles/edge_ai_vibration_cm33_core0.dir/C_/Users/User/OneDrive/Desktop/embedded_ai/sdks/frdm_mcxn947_blank_sdk/mcuxsdk/devices/MCX/MCXN/MCXN947/drivers/fsl_clock.c.obj
 .text.CLOCK_IsPLL1Locked
                0x000014c8       0x28 CMakeFiles/edge_ai_vibration_cm33_core0.dir/C_/Users/User/OneDrive/Desktop/embedded_ai/sdks/frdm_mcxn947_blank_sdk/mcuxsdk/devices/MCX/MCXN/MCXN947/drivers/fsl_clock.c.obj
 .text.CLOCK_SetupFROHFClocking
                0x000014f0       0x9c CMakeFiles/edge_ai_vibration_cm33_core0.dir/C_/Users/User/OneDrive/Desktop/embedded_ai/sdks/frdm_mcxn947_blank_sdk/mcuxsdk/devices/MCX/MCXN/MCXN947/drivers/fsl_clock.c.obj
                0x000014f0                CLOCK_SetupFROHFClocking
 .text.CLOCK_SetPll0MonitorMode
                0x0000158c       0x38 CMakeFiles/edge_ai_vibration_cm33_core0.dir/C_/Users/User/OneDrive/Desktop/embedded_ai/sdks/frdm_mcxn947_blank_sdk/mcuxsdk/devices/MCX/MCXN/MCXN947/drivers/fsl_clock.c.obj
                0x0000158c                CLOCK_SetPll0MonitorMode
 .text.CLOCK_AttachClk
                0x000015c4       0xe8 CMakeFiles/edge_ai_vibration_cm33_core0.dir/C_/Users/User/OneDrive/Desktop/embedded_ai/sdks/frdm_mcxn947_blank_sdk/mcuxsdk/devices/MCX/MCXN/MCXN947/drivers/fsl_clock.c.obj
                0x000015c4                CLOCK_AttachClk
 .text.CLOCK_SetClkDiv
                0x000016ac       0x54 CMakeFiles/edge_ai_vibration_cm33_core0.dir/C_/Users/User/OneDrive/Desktop/embedded_ai/sdks/frdm_mcxn947_blank_sdk/mcuxsdk/devices/MCX/MCXN/MCXN947/drivers/fsl_clock.c.obj
                0x000016ac                CLOCK_SetClkDiv
 .text.CLOCK_GetFreq
                0x00001700      0x15c CMakeFiles/edge_ai_vibration_cm33_core0.dir/C_/Users/User/OneDrive/Desktop/embedded_ai/sdks/frdm_mcxn947_blank_sdk/mcuxsdk/devices/MCX/MCXN/MCXN947/drivers/fsl_clock.c.obj
                0x00001700                CLOCK_GetFreq
 .text.CLOCK_GetPll0OutFreq
                0x0000185c       0x88 CMakeFiles/edge_ai_vibration_cm33_core0.dir/C_/Users/User/OneDrive/Desktop/embedded_ai/sdks/frdm_mcxn947_blank_sdk/mcuxsdk/devices/MCX/MCXN/MCXN947/drivers/fsl_clock.c.obj
                0x0000185c                CLOCK_GetPll0OutFreq
 .text.CLOCK_GetPll1OutFreq
                0x000018e4       0x82 CMakeFiles/edge_ai_vibration_cm33_core0.dir/C_/Users/User/OneDrive/Desktop/embedded_ai/sdks/frdm_mcxn947_blank_sdk/mcuxsdk/devices/MCX/MCXN/MCXN947/drivers/fsl_clock.c.obj
                0x000018e4                CLOCK_GetPll1OutFreq
 *fill*         0x00001966        0x2 
 .text.CLOCK_GetPLL0InClockRate
                0x00001968       0x5c CMakeFiles/edge_ai_vibration_cm33_core0.dir/C_/Users/User/OneDrive/Desktop/embedded_ai/sdks/frdm_mcxn947_blank_sdk/mcuxsdk/devices/MCX/MCXN/MCXN947/drivers/fsl_clock.c.obj
                0x00001968                CLOCK_GetPLL0InClockRate
 .text.CLOCK_GetPLL1InClockRate
                0x000019c4       0x58 CMakeFiles/edge_ai_vibration_cm33_core0.dir/C_/Users/User/OneDrive/Desktop/embedded_ai/sdks/frdm_mcxn947_blank_sdk/mcuxsdk/devices/MCX/MCXN/MCXN947/drivers/fsl_clock.c.obj
                0x000019c4                CLOCK_GetPLL1InClockRate
 .text.CLOCK_SetPLL0Freq
                0x00001a1c      0x10c CMakeFiles/edge_ai_vibration_cm33_core0.dir/C_/Users/User/OneDrive/Desktop/embedded_ai/sdks/frdm_mcxn947_blank_sdk/mcuxsdk/devices/MCX/MCXN/MCXN947/drivers/fsl_clock.c.obj
                0x00001a1c                CLOCK_SetPLL0Freq
 .text.CLOCK_GetFro12MFreq
                0x00001b28       0x2c CMakeFiles/edge_ai_vibration_cm33_core0.dir/C_/Users/User/OneDrive/Desktop/embedded_ai/sdks/frdm_mcxn947_blank_sdk/mcuxsdk/devices/MCX/MCXN/MCXN947/drivers/fsl_clock.c.obj
 .text.CLOCK_GetClk1MFreq
                0x00001b54       0x14 CMakeFiles/edge_ai_vibration_cm33_core0.dir/C_/Users/User/OneDrive/Desktop/embedded_ai/sdks/frdm_mcxn947_blank_sdk/mcuxsdk/devices/MCX/MCXN/MCXN947/drivers/fsl_clock.c.obj
 .text.CLOCK_GetFroHfFreq
                0x00001b68       0x4c CMakeFiles/edge_ai_vibration_cm33_core0.dir/C_/Users/User/OneDrive/Desktop/embedded_ai/sdks/frdm_mcxn947_blank_sdk/mcuxsdk/devices/MCX/MCXN/MCXN947/drivers/fsl_clock.c.obj
 .text.CLOCK_GetClk48MFreq
                0x00001bb4       0x2c CMakeFiles/edge_ai_vibration_cm33_core0.dir/C_/Users/User/OneDrive/Desktop/embedded_ai/sdks/frdm_mcxn947_blank_sdk/mcuxsdk/devices/MCX/MCXN/MCXN947/drivers/fsl_clock.c.obj
 .text.CLOCK_GetClk144MFreq
                0x00001be0       0x2c CMakeFiles/edge_ai_vibration_cm33_core0.dir/C_/Users/User/OneDrive/Desktop/embedded_ai/sdks/frdm_mcxn947_blank_sdk/mcuxsdk/devices/MCX/MCXN/MCXN947/drivers/fsl_clock.c.obj
 .text.CLOCK_GetClk16KFreq
                0x00001c0c       0x44 CMakeFiles/edge_ai_vibration_cm33_core0.dir/C_/Users/User/OneDrive/Desktop/embedded_ai/sdks/frdm_mcxn947_blank_sdk/mcuxsdk/devices/MCX/MCXN/MCXN947/drivers/fsl_clock.c.obj
 .text.CLOCK_GetExtClkFreq
                0x00001c50       0x2c CMakeFiles/edge_ai_vibration_cm33_core0.dir/C_/Users/User/OneDrive/Desktop/embedded_ai/sdks/frdm_mcxn947_blank_sdk/mcuxsdk/devices/MCX/MCXN/MCXN947/drivers/fsl_clock.c.obj
 .text.CLOCK_GetOsc32KFreq
                0x00001c7c       0x4c CMakeFiles/edge_ai_vibration_cm33_core0.dir/C_/Users/User/OneDrive/Desktop/embedded_ai/sdks/frdm_mcxn947_blank_sdk/mcuxsdk/devices/MCX/MCXN/MCXN947/drivers/fsl_clock.c.obj
 .text.CLOCK_GetMainClkFreq
                0x00001cc8       0x90 CMakeFiles/edge_ai_vibration_cm33_core0.dir/C_/Users/User/OneDrive/Desktop/embedded_ai/sdks/frdm_mcxn947_blank_sdk/mcuxsdk/devices/MCX/MCXN/MCXN947/drivers/fsl_clock.c.obj
                0x00001cc8                CLOCK_GetMainClkFreq
 .text.CLOCK_GetCoreSysClkFreq
                0x00001d58       0x2c CMakeFiles/edge_ai_vibration_cm33_core0.dir/C_/Users/User/OneDrive/Desktop/embedded_ai/sdks/frdm_mcxn947_blank_sdk/mcuxsdk/devices/MCX/MCXN/MCXN947/drivers/fsl_clock.c.obj
                0x00001d58                CLOCK_GetCoreSysClkFreq
 .text.CLOCK_GetSystickClkFreq
                0x00001d84       0x74 CMakeFiles/edge_ai_vibration_cm33_core0.dir/C_/Users/User/OneDrive/Desktop/embedded_ai/sdks/frdm_mcxn947_blank_sdk/mcuxsdk/devices/MCX/MCXN/MCXN947/drivers/fsl_clock.c.obj
 .text.CLOCK_GetClockOutClkFreq
                0x00001df8       0xa8 CMakeFiles/edge_ai_vibration_cm33_core0.dir/C_/Users/User/OneDrive/Desktop/embedded_ai/sdks/frdm_mcxn947_blank_sdk/mcuxsdk/devices/MCX/MCXN/MCXN947/drivers/fsl_clock.c.obj
 .text.CLOCK_GetLposcFreq
                0x00001ea0       0x48 CMakeFiles/edge_ai_vibration_cm33_core0.dir/C_/Users/User/OneDrive/Desktop/embedded_ai/sdks/frdm_mcxn947_blank_sdk/mcuxsdk/devices/MCX/MCXN/MCXN947/drivers/fsl_clock.c.obj
 .text.findPll0PreDiv
                0x00001ee8       0x40 CMakeFiles/edge_ai_vibration_cm33_core0.dir/C_/Users/User/OneDrive/Desktop/embedded_ai/sdks/frdm_mcxn947_blank_sdk/mcuxsdk/devices/MCX/MCXN/MCXN947/drivers/fsl_clock.c.obj
 .text.findPll1PreDiv
                0x00001f28       0x40 CMakeFiles/edge_ai_vibration_cm33_core0.dir/C_/Users/User/OneDrive/Desktop/embedded_ai/sdks/frdm_mcxn947_blank_sdk/mcuxsdk/devices/MCX/MCXN/MCXN947/drivers/fsl_clock.c.obj
 .text.findPll0PostDiv
                0x00001f68       0x60 CMakeFiles/edge_ai_vibration_cm33_core0.dir/C_/Users/User/OneDrive/Desktop/embedded_ai/sdks/frdm_mcxn947_blank_sdk/mcuxsdk/devices/MCX/MCXN/MCXN947/drivers/fsl_clock.c.obj
 .text.findPll1PostDiv
                0x00001fc8       0x60 CMakeFiles/edge_ai_vibration_cm33_core0.dir/C_/Users/User/OneDrive/Desktop/embedded_ai/sdks/frdm_mcxn947_blank_sdk/mcuxsdk/devices/MCX/MCXN/MCXN947/drivers/fsl_clock.c.obj
 .text.findPll0MMult
                0x00002028       0xac CMakeFiles/edge_ai_vibration_cm33_core0.dir/C_/Users/User/OneDrive/Desktop/embedded_ai/sdks/frdm_mcxn947_blank_sdk/mcuxsdk/devices/MCX/MCXN/MCXN947/drivers/fsl_clock.c.obj
 .text.findPll1MMult
                0x000020d4       0xac CMakeFiles/edge_ai_vibration_cm33_core0.dir/C_/Users/User/OneDrive/Desktop/embedded_ai/sdks/frdm_mcxn947_blank_sdk/mcuxsdk/devices/MCX/MCXN/MCXN947/drivers/fsl_clock.c.obj
 .text.RESET_ClearPeripheralReset
                0x00002180       0x90 CMakeFiles/edge_ai_vibration_cm33_core0.dir/C_/Users/User/OneDrive/Desktop/embedded_ai/sdks/frdm_mcxn947_blank_sdk/mcuxsdk/devices/MCX/MCXN/MCXN947/drivers/fsl_reset.c.obj
                0x00002180                RESET_ClearPeripheralReset
 .text.arm_cmplx_mag_f32
                0x00002210       0x88 CMakeFiles/edge_ai_vibration_cm33_core0.dir/6ec368020485b0a8281c521f1b91c857/frdm_mcxn947_blank_sdk/mcuxsdk/arch/arm/CMSIS/DSP/Source/ComplexMathFunctions/ComplexMathFunctions.c.obj
                0x00002210                arm_cmplx_mag_f32
 .text.arm_sin_f32
                0x00002298      0x104 CMakeFiles/edge_ai_vibration_cm33_core0.dir/eed67934c269ebc1da66cdc17afb4ef9/sdks/frdm_mcxn947_blank_sdk/mcuxsdk/arch/arm/CMSIS/DSP/Source/FastMathFunctions/FastMathFunctions.c.obj
                0x00002298                arm_sin_f32
 .text.arm_max_f32
                0x0000239c       0x70 CMakeFiles/edge_ai_vibration_cm33_core0.dir/6ec368020485b0a8281c521f1b91c857/frdm_mcxn947_blank_sdk/mcuxsdk/arch/arm/CMSIS/DSP/Source/StatisticsFunctions/StatisticsFunctions.c.obj
                0x0000239c                arm_max_f32
 .text.arm_rms_f32
                0x0000240c       0x90 CMakeFiles/edge_ai_vibration_cm33_core0.dir/6ec368020485b0a8281c521f1b91c857/frdm_mcxn947_blank_sdk/mcuxsdk/arch/arm/CMSIS/DSP/Source/StatisticsFunctions/StatisticsFunctions.c.obj
                0x0000240c                arm_rms_f32
 .text.arm_bitreversal_32
                0x0000249c       0xb2 CMakeFiles/edge_ai_vibration_cm33_core0.dir/6ec368020485b0a8281c521f1b91c857/frdm_mcxn947_blank_sdk/mcuxsdk/arch/arm/CMSIS/DSP/Source/TransformFunctions/TransformFunctions.c.obj
                0x0000249c                arm_bitreversal_32
 .text.arm_cfft_radix8by2_f32
                0x0000254e      0x3e8 CMakeFiles/edge_ai_vibration_cm33_core0.dir/6ec368020485b0a8281c521f1b91c857/frdm_mcxn947_blank_sdk/mcuxsdk/arch/arm/CMSIS/DSP/Source/TransformFunctions/TransformFunctions.c.obj
 .text.arm_cfft_radix8by4_f32
                0x00002936      0xc60 CMakeFiles/edge_ai_vibration_cm33_core0.dir/6ec368020485b0a8281c521f1b91c857/frdm_mcxn947_blank_sdk/mcuxsdk/arch/arm/CMSIS/DSP/Source/TransformFunctions/TransformFunctions.c.obj
 .text.arm_cfft_f32
                0x00003596      0x174 CMakeFiles/edge_ai_vibration_cm33_core0.dir/6ec368020485b0a8281c521f1b91c857/frdm_mcxn947_blank_sdk/mcuxsdk/arch/arm/CMSIS/DSP/Source/TransformFunctions/TransformFunctions.c.obj
                0x00003596                arm_cfft_f32
 *fill*         0x0000370a        0x2 
 .text.arm_cfft_init_2048_f32
                0x0000370c       0x48 CMakeFiles/edge_ai_vibration_cm33_core0.dir/6ec368020485b0a8281c521f1b91c857/frdm_mcxn947_blank_sdk/mcuxsdk/arch/arm/CMSIS/DSP/Source/TransformFunctions/TransformFunctions.c.obj
                0x0000370c                arm_cfft_init_2048_f32
 .text.arm_cfft_init_1024_f32
                0x00003754       0x48 CMakeFiles/edge_ai_vibration_cm33_core0.dir/6ec368020485b0a8281c521f1b91c857/frdm_mcxn947_blank_sdk/mcuxsdk/arch/arm/CMSIS/DSP/Source/TransformFunctions/TransformFunctions.c.obj
                0x00003754                arm_cfft_init_1024_f32
 .text.arm_cfft_init_512_f32
                0x0000379c       0x48 CMakeFiles/edge_ai_vibration_cm33_core0.dir/6ec368020485b0a8281c521f1b91c857/frdm_mcxn947_blank_sdk/mcuxsdk/arch/arm/CMSIS/DSP/Source/TransformFunctions/TransformFunctions.c.obj
                0x0000379c                arm_cfft_init_512_f32
 .text.arm_cfft_init_256_f32
                0x000037e4       0x48 CMakeFiles/edge_ai_vibration_cm33_core0.dir/6ec368020485b0a8281c521f1b91c857/frdm_mcxn947_blank_sdk/mcuxsdk/arch/arm/CMSIS/DSP/Source/TransformFunctions/TransformFunctions.c.obj
                0x000037e4                arm_cfft_init_256_f32
 .text.arm_cfft_init_128_f32
                0x0000382c       0x44 CMakeFiles/edge_ai_vibration_cm33_core0.dir/6ec368020485b0a8281c521f1b91c857/frdm_mcxn947_blank_sdk/mcuxsdk/arch/arm/CMSIS/DSP/Source/TransformFunctions/TransformFunctions.c.obj
                0x0000382c                arm_cfft_init_128_f32
 .text.arm_cfft_init_64_f32
                0x00003870       0x44 CMakeFiles/edge_ai_vibration_cm33_core0.dir/6ec368020485b0a8281c521f1b91c857/frdm_mcxn947_blank_sdk/mcuxsdk/arch/arm/CMSIS/DSP/Source/TransformFunctions/TransformFunctions.c.obj
                0x00003870                arm_cfft_init_64_f32
 .text.arm_cfft_init_32_f32
                0x000038b4       0x44 CMakeFiles/edge_ai_vibration_cm33_core0.dir/6ec368020485b0a8281c521f1b91c857/frdm_mcxn947_blank_sdk/mcuxsdk/arch/arm/CMSIS/DSP/Source/TransformFunctions/TransformFunctions.c.obj
                0x000038b4                arm_cfft_init_32_f32
 .text.arm_cfft_init_16_f32
                0x000038f8       0x44 CMakeFiles/edge_ai_vibration_cm33_core0.dir/6ec368020485b0a8281c521f1b91c857/frdm_mcxn947_blank_sdk/mcuxsdk/arch/arm/CMSIS/DSP/Source/TransformFunctions/TransformFunctions.c.obj
                0x000038f8                arm_cfft_init_16_f32
 .text.arm_radix8_butterfly_f32
                0x0000393c     0x100c CMakeFiles/edge_ai_vibration_cm33_core0.dir/6ec368020485b0a8281c521f1b91c857/frdm_mcxn947_blank_sdk/mcuxsdk/arch/arm/CMSIS/DSP/Source/TransformFunctions/TransformFunctions.c.obj
                0x0000393c                arm_radix8_butterfly_f32
 .text.stage_rfft_f32
                0x00004948      0x1d2 CMakeFiles/edge_ai_vibration_cm33_core0.dir/6ec368020485b0a8281c521f1b91c857/frdm_mcxn947_blank_sdk/mcuxsdk/arch/arm/CMSIS/DSP/Source/TransformFunctions/TransformFunctions.c.obj
 .text.merge_rfft_f32
                0x00004b1a      0x198 CMakeFiles/edge_ai_vibration_cm33_core0.dir/6ec368020485b0a8281c521f1b91c857/frdm_mcxn947_blank_sdk/mcuxsdk/arch/arm/CMSIS/DSP/Source/TransformFunctions/TransformFunctions.c.obj
 .text.arm_rfft_fast_f32
                0x00004cb2       0x4e CMakeFiles/edge_ai_vibration_cm33_core0.dir/6ec368020485b0a8281c521f1b91c857/frdm_mcxn947_blank_sdk/mcuxsdk/arch/arm/CMSIS/DSP/Source/TransformFunctions/TransformFunctions.c.obj
                0x00004cb2                arm_rfft_fast_f32
 .text.arm_rfft_fast_init_32_f32
                0x00004d00       0x48 CMakeFiles/edge_ai_vibration_cm33_core0.dir/6ec368020485b0a8281c521f1b91c857/frdm_mcxn947_blank_sdk/mcuxsdk/arch/arm/CMSIS/DSP/Source/TransformFunctions/TransformFunctions.c.obj
                0x00004d00                arm_rfft_fast_init_32_f32
 .text.arm_rfft_fast_init_64_f32
                0x00004d48       0x48 CMakeFiles/edge_ai_vibration_cm33_core0.dir/6ec368020485b0a8281c521f1b91c857/frdm_mcxn947_blank_sdk/mcuxsdk/arch/arm/CMSIS/DSP/Source/TransformFunctions/TransformFunctions.c.obj
                0x00004d48                arm_rfft_fast_init_64_f32
 .text.arm_rfft_fast_init_128_f32
                0x00004d90       0x48 CMakeFiles/edge_ai_vibration_cm33_core0.dir/6ec368020485b0a8281c521f1b91c857/frdm_mcxn947_blank_sdk/mcuxsdk/arch/arm/CMSIS/DSP/Source/TransformFunctions/TransformFunctions.c.obj
                0x00004d90                arm_rfft_fast_init_128_f32
 .text.arm_rfft_fast_init_256_f32
                0x00004dd8       0x4c CMakeFiles/edge_ai_vibration_cm33_core0.dir/6ec368020485b0a8281c521f1b91c857/frdm_mcxn947_blank_sdk/mcuxsdk/arch/arm/CMSIS/DSP/Source/TransformFunctions/TransformFunctions.c.obj
                0x00004dd8                arm_rfft_fast_init_256_f32
 .text.arm_rfft_fast_init_512_f32
                0x00004e24       0x4c CMakeFiles/edge_ai_vibration_cm33_core0.dir/6ec368020485b0a8281c521f1b91c857/frdm_mcxn947_blank_sdk/mcuxsdk/arch/arm/CMSIS/DSP/Source/TransformFunctions/TransformFunctions.c.obj
                0x00004e24                arm_rfft_fast_init_512_f32
 .text.arm_rfft_fast_init_1024_f32
                0x00004e70       0x4c CMakeFiles/edge_ai_vibration_cm33_core0.dir/6ec368020485b0a8281c521f1b91c857/frdm_mcxn947_blank_sdk/mcuxsdk/arch/arm/CMSIS/DSP/Source/TransformFunctions/TransformFunctions.c.obj
                0x00004e70                arm_rfft_fast_init_1024_f32
 .text.arm_rfft_fast_init_2048_f32
                0x00004ebc       0x4c CMakeFiles/edge_ai_vibration_cm33_core0.dir/6ec368020485b0a8281c521f1b91c857/frdm_mcxn947_blank_sdk/mcuxsdk/arch/arm/CMSIS/DSP/Source/TransformFunctions/TransformFunctions.c.obj
                0x00004ebc                arm_rfft_fast_init_2048_f32
 .text.arm_rfft_fast_init_4096_f32
                0x00004f08       0x4c CMakeFiles/edge_ai_vibration_cm33_core0.dir/6ec368020485b0a8281c521f1b91c857/frdm_mcxn947_blank_sdk/mcuxsdk/arch/arm/CMSIS/DSP/Source/TransformFunctions/TransformFunctions.c.obj
                0x00004f08                arm_rfft_fast_init_4096_f32
 .text.arm_rfft_fast_init_f32
                0x00004f54       0xce CMakeFiles/edge_ai_vibration_cm33_core0.dir/6ec368020485b0a8281c521f1b91c857/frdm_mcxn947_blank_sdk/mcuxsdk/arch/arm/CMSIS/DSP/Source/TransformFunctions/TransformFunctions.c.obj
                0x00004f54                arm_rfft_fast_init_f32
 *fill*         0x00005022        0x2 
 .text.BOARD_InitDebugConsole
                0x00005024       0x38 CMakeFiles/edge_ai_vibration_cm33_core0.dir/C_/Users/User/OneDrive/Desktop/embedded_ai/sdks/frdm_mcxn947_blank_sdk/mcuxsdk/examples/_boards/frdmmcxn947/board.c.obj
                0x00005024                BOARD_InitDebugConsole
 .text.CLOCK_EnableClock
                0x0000505c       0xb0 CMakeFiles/edge_ai_vibration_cm33_core0.dir/C_/Users/User/OneDrive/Desktop/embedded_ai/sdks/frdm_mcxn947_blank_sdk/mcuxsdk/examples/_boards/frdmmcxn947/clock_config.c.obj
 .text.BOARD_InitBootClocks
                0x0000510c        0xc CMakeFiles/edge_ai_vibration_cm33_core0.dir/C_/Users/User/OneDrive/Desktop/embedded_ai/sdks/frdm_mcxn947_blank_sdk/mcuxsdk/examples/_boards/frdmmcxn947/clock_config.c.obj
                0x0000510c                BOARD_InitBootClocks
 .text.BOARD_BootClockPLL150M
                0x00005118       0xd8 CMakeFiles/edge_ai_vibration_cm33_core0.dir/C_/Users/User/OneDrive/Desktop/embedded_ai/sdks/frdm_mcxn947_blank_sdk/mcuxsdk/examples/_boards/frdmmcxn947/clock_config.c.obj
                0x00005118                BOARD_BootClockPLL150M
 .text.CLOCK_EnableClock
                0x000051f0       0xb0 CMakeFiles/edge_ai_vibration_cm33_core0.dir/eed67934c269ebc1da66cdc17afb4ef9/sdks/frdm_mcxn947_blank_sdk/mcuxsdk/examples/_boards/frdmmcxn947/demo_apps/hello_world/pin_mux.c.obj
 .text.PORT_SetPinConfig
                0x000052a0       0x48 CMakeFiles/edge_ai_vibration_cm33_core0.dir/eed67934c269ebc1da66cdc17afb4ef9/sdks/frdm_mcxn947_blank_sdk/mcuxsdk/examples/_boards/frdmmcxn947/demo_apps/hello_world/pin_mux.c.obj
 .text.BOARD_InitPins
                0x000052e8       0x9c CMakeFiles/edge_ai_vibration_cm33_core0.dir/eed67934c269ebc1da66cdc17afb4ef9/sdks/frdm_mcxn947_blank_sdk/mcuxsdk/examples/_boards/frdmmcxn947/demo_apps/hello_world/pin_mux.c.obj
                0x000052e8                BOARD_InitPins
 .text.BOARD_InitHardware
                0x00005384       0x36 CMakeFiles/edge_ai_vibration_cm33_core0.dir/63409d9591190ff722d6dfe567ea76bb/mcuxsdk/examples/_boards/frdmmcxn947/demo_apps/hello_world/cm33_core0/hardware_init.c.obj
                0x00005384                BOARD_InitHardware
 .text.DelayLoop
                0x000053ba       0x20 CMakeFiles/edge_ai_vibration_cm33_core0.dir/C_/Users/User/OneDrive/Desktop/embedded_ai/sdks/frdm_mcxn947_blank_sdk/mcuxsdk/drivers/common/fsl_common_arm.c.obj
 *fill*         0x000053da        0x2 
 .text.SDK_DelayAtLeastUs
                0x000053dc       0x98 CMakeFiles/edge_ai_vibration_cm33_core0.dir/C_/Users/User/OneDrive/Desktop/embedded_ai/sdks/frdm_mcxn947_blank_sdk/mcuxsdk/drivers/common/fsl_common_arm.c.obj
                0x000053dc                SDK_DelayAtLeastUs
 .text.CLOCK_EnableClock
                0x00005474       0xb0 CMakeFiles/edge_ai_vibration_cm33_core0.dir/C_/Users/User/OneDrive/Desktop/embedded_ai/sdks/frdm_mcxn947_blank_sdk/mcuxsdk/drivers/lpflexcomm/fsl_lpflexcomm.c.obj
 .text.LP_FLEXCOMM_PeripheralIsPresent
                0x00005524       0x52 CMakeFiles/edge_ai_vibration_cm33_core0.dir/C_/Users/User/OneDrive/Desktop/embedded_ai/sdks/frdm_mcxn947_blank_sdk/mcuxsdk/drivers/lpflexcomm/fsl_lpflexcomm.c.obj
 *fill*         0x00005576        0x2 
 .text.LP_FLEXCOMM_GetInterruptStatus
                0x00005578       0x28 CMakeFiles/edge_ai_vibration_cm33_core0.dir/C_/Users/User/OneDrive/Desktop/embedded_ai/sdks/frdm_mcxn947_blank_sdk/mcuxsdk/drivers/lpflexcomm/fsl_lpflexcomm.c.obj
                0x00005578                LP_FLEXCOMM_GetInterruptStatus
 .text.LP_FLEXCOMM_SetPeriph
                0x000055a0       0xa0 CMakeFiles/edge_ai_vibration_cm33_core0.dir/C_/Users/User/OneDrive/Desktop/embedded_ai/sdks/frdm_mcxn947_blank_sdk/mcuxsdk/drivers/lpflexcomm/fsl_lpflexcomm.c.obj
 .text.LP_FLEXCOMM_Init
                0x00005640       0x64 CMakeFiles/edge_ai_vibration_cm33_core0.dir/C_/Users/User/OneDrive/Desktop/embedded_ai/sdks/frdm_mcxn947_blank_sdk/mcuxsdk/drivers/lpflexcomm/fsl_lpflexcomm.c.obj
                0x00005640                LP_FLEXCOMM_Init
 .text.LP_FLEXCOMM_CommonIRQHandler
                0x000056a4       0xb8 CMakeFiles/edge_ai_vibration_cm33_core0.dir/C_/Users/User/OneDrive/Desktop/embedded_ai/sdks/frdm_mcxn947_blank_sdk/mcuxsdk/drivers/lpflexcomm/fsl_lpflexcomm.c.obj
 .text.LP_FLEXCOMM0_DriverIRQHandler
                0x0000575c        0xe CMakeFiles/edge_ai_vibration_cm33_core0.dir/C_/Users/User/OneDrive/Desktop/embedded_ai/sdks/frdm_mcxn947_blank_sdk/mcuxsdk/drivers/lpflexcomm/fsl_lpflexcomm.c.obj
                0x0000575c                LP_FLEXCOMM0_DriverIRQHandler
 .text.LP_FLEXCOMM1_DriverIRQHandler
                0x0000576a        0xe CMakeFiles/edge_ai_vibration_cm33_core0.dir/C_/Users/User/OneDrive/Desktop/embedded_ai/sdks/frdm_mcxn947_blank_sdk/mcuxsdk/drivers/lpflexcomm/fsl_lpflexcomm.c.obj
                0x0000576a                LP_FLEXCOMM1_DriverIRQHandler
 .text.LP_FLEXCOMM2_DriverIRQHandler
                0x00005778        0xe CMakeFiles/edge_ai_vibration_cm33_core0.dir/C_/Users/User/OneDrive/Desktop/embedded_ai/sdks/frdm_mcxn947_blank_sdk/mcuxsdk/drivers/lpflexcomm/fsl_lpflexcomm.c.obj
                0x00005778                LP_FLEXCOMM2_DriverIRQHandler
 .text.LP_FLEXCOMM3_DriverIRQHandler
                0x00005786        0xe CMakeFiles/edge_ai_vibration_cm33_core0.dir/C_/Users/User/OneDrive/Desktop/embedded_ai/sdks/frdm_mcxn947_blank_sdk/mcuxsdk/drivers/lpflexcomm/fsl_lpflexcomm.c.obj
                0x00005786                LP_FLEXCOMM3_DriverIRQHandler
 .text.LP_FLEXCOMM4_DriverIRQHandler
                0x00005794        0xe CMakeFiles/edge_ai_vibration_cm33_core0.dir/C_/Users/User/OneDrive/Desktop/embedded_ai/sdks/frdm_mcxn947_blank_sdk/mcuxsdk/drivers/lpflexcomm/fsl_lpflexcomm.c.obj
                0x00005794                LP_FLEXCOMM4_DriverIRQHandler
 .text.LP_FLEXCOMM5_DriverIRQHandler
                0x000057a2        0xe CMakeFiles/edge_ai_vibration_cm33_core0.dir/C_/Users/User/OneDrive/Desktop/embedded_ai/sdks/frdm_mcxn947_blank_sdk/mcuxsdk/drivers/lpflexcomm/fsl_lpflexcomm.c.obj
                0x000057a2                LP_FLEXCOMM5_DriverIRQHandler
 .text.LP_FLEXCOMM6_DriverIRQHandler
                0x000057b0        0xe CMakeFiles/edge_ai_vibration_cm33_core0.dir/C_/Users/User/OneDrive/Desktop/embedded_ai/sdks/frdm_mcxn947_blank_sdk/mcuxsdk/drivers/lpflexcomm/fsl_lpflexcomm.c.obj
                0x000057b0                LP_FLEXCOMM6_DriverIRQHandler
 .text.LP_FLEXCOMM7_DriverIRQHandler
                0x000057be        0xe CMakeFiles/edge_ai_vibration_cm33_core0.dir/C_/Users/User/OneDrive/Desktop/embedded_ai/sdks/frdm_mcxn947_blank_sdk/mcuxsdk/drivers/lpflexcomm/fsl_lpflexcomm.c.obj
                0x000057be                LP_FLEXCOMM7_DriverIRQHandler
 .text.LP_FLEXCOMM8_DriverIRQHandler
                0x000057cc        0xe CMakeFiles/edge_ai_vibration_cm33_core0.dir/C_/Users/User/OneDrive/Desktop/embedded_ai/sdks/frdm_mcxn947_blank_sdk/mcuxsdk/drivers/lpflexcomm/fsl_lpflexcomm.c.obj
                0x000057cc                LP_FLEXCOMM8_DriverIRQHandler
 .text.LP_FLEXCOMM9_DriverIRQHandler
                0x000057da        0xe CMakeFiles/edge_ai_vibration_cm33_core0.dir/C_/Users/User/OneDrive/Desktop/embedded_ai/sdks/frdm_mcxn947_blank_sdk/mcuxsdk/drivers/lpflexcomm/fsl_lpflexcomm.c.obj
                0x000057da                LP_FLEXCOMM9_DriverIRQHandler
 .text.SPC_GetActiveModeBandgapMode
                0x000057e8       0x22 CMakeFiles/edge_ai_vibration_cm33_core0.dir/C_/Users/User/OneDrive/Desktop/embedded_ai/sdks/frdm_mcxn947_blank_sdk/mcuxsdk/drivers/mcx_spc/fsl_spc.c.obj
 .text.SPC_GetActiveModeVoltageDetectStatus
                0x0000580a       0x22 CMakeFiles/edge_ai_vibration_cm33_core0.dir/C_/Users/User/OneDrive/Desktop/embedded_ai/sdks/frdm_mcxn947_blank_sdk/mcuxsdk/drivers/mcx_spc/fsl_spc.c.obj
 .text.SPC_GetActiveModeCoreLDOVDDVoltageLevel
                0x0000582c       0x22 CMakeFiles/edge_ai_vibration_cm33_core0.dir/C_/Users/User/OneDrive/Desktop/embedded_ai/sdks/frdm_mcxn947_blank_sdk/mcuxsdk/drivers/mcx_spc/fsl_spc.c.obj
 .text.SPC_GetActiveModeCoreLDODriveStrength
                0x0000584e       0x22 CMakeFiles/edge_ai_vibration_cm33_core0.dir/C_/Users/User/OneDrive/Desktop/embedded_ai/sdks/frdm_mcxn947_blank_sdk/mcuxsdk/drivers/mcx_spc/fsl_spc.c.obj
 .text.SPC_SetActiveModeDCDCRegulatorVoltageLevel
                0x00005870       0x32 CMakeFiles/edge_ai_vibration_cm33_core0.dir/C_/Users/User/OneDrive/Desktop/embedded_ai/sdks/frdm_mcxn947_blank_sdk/mcuxsdk/drivers/mcx_spc/fsl_spc.c.obj
 *fill*         0x000058a2        0x2 
 .text.SPC_SetSRAMOperateVoltage
                0x000058a4       0x68 CMakeFiles/edge_ai_vibration_cm33_core0.dir/C_/Users/User/OneDrive/Desktop/embedded_ai/sdks/frdm_mcxn947_blank_sdk/mcuxsdk/drivers/mcx_spc/fsl_spc.c.obj
                0x000058a4                SPC_SetSRAMOperateVoltage
 .text.SPC_SetActiveModeCoreLDORegulatorConfig
                0x0000590c       0x94 CMakeFiles/edge_ai_vibration_cm33_core0.dir/C_/Users/User/OneDrive/Desktop/embedded_ai/sdks/frdm_mcxn947_blank_sdk/mcuxsdk/drivers/mcx_spc/fsl_spc.c.obj
                0x0000590c                SPC_SetActiveModeCoreLDORegulatorConfig
 .text.SPC_SetActiveModeCoreLDORegulatorVoltageLevel
                0x000059a0       0x60 CMakeFiles/edge_ai_vibration_cm33_core0.dir/C_/Users/User/OneDrive/Desktop/embedded_ai/sdks/frdm_mcxn947_blank_sdk/mcuxsdk/drivers/mcx_spc/fsl_spc.c.obj
                0x000059a0                SPC_SetActiveModeCoreLDORegulatorVoltageLevel
 .text.SPC_SetActiveModeCoreLDORegulatorDriveStrength
                0x00005a00       0x5e CMakeFiles/edge_ai_vibration_cm33_core0.dir/C_/Users/User/OneDrive/Desktop/embedded_ai/sdks/frdm_mcxn947_blank_sdk/mcuxsdk/drivers/mcx_spc/fsl_spc.c.obj
                0x00005a00                SPC_SetActiveModeCoreLDORegulatorDriveStrength
 *fill*         0x00005a5e        0x2 
 .text.SPC_SetActiveModeDCDCRegulatorConfig
                0x00005a60       0x78 CMakeFiles/edge_ai_vibration_cm33_core0.dir/C_/Users/User/OneDrive/Desktop/embedded_ai/sdks/frdm_mcxn947_blank_sdk/mcuxsdk/drivers/mcx_spc/fsl_spc.c.obj
                0x00005a60                SPC_SetActiveModeDCDCRegulatorConfig
 .text.SPC_SetActiveModeDCDCRegulatorDriveStrength
                0x00005ad8       0x48 CMakeFiles/edge_ai_vibration_cm33_core0.dir/C_/Users/User/OneDrive/Desktop/embedded_ai/sdks/frdm_mcxn947_blank_sdk/mcuxsdk/drivers/mcx_spc/fsl_spc.c.obj
                0x00005ad8                SPC_SetActiveModeDCDCRegulatorDriveStrength
 .text.LPUART_SoftwareReset
                0x00005b20       0x2c CMakeFiles/edge_ai_vibration_cm33_core0.dir/C_/Users/User/OneDrive/Desktop/embedded_ai/sdks/frdm_mcxn947_blank_sdk/mcuxsdk/drivers/lpflexcomm/lpuart/fsl_lpuart.c.obj
 .text.LPUART_GetInstance
                0x00005b4c       0x58 CMakeFiles/edge_ai_vibration_cm33_core0.dir/C_/Users/User/OneDrive/Desktop/embedded_ai/sdks/frdm_mcxn947_blank_sdk/mcuxsdk/drivers/lpflexcomm/lpuart/fsl_lpuart.c.obj
                0x00005b4c                LPUART_GetInstance
 .text.LPUART_Init
                0x00005ba4      0x470 CMakeFiles/edge_ai_vibration_cm33_core0.dir/C_/Users/User/OneDrive/Desktop/embedded_ai/sdks/frdm_mcxn947_blank_sdk/mcuxsdk/drivers/lpflexcomm/lpuart/fsl_lpuart.c.obj
                0x00005ba4                LPUART_Init
 .text.LPUART_GetDefaultConfig
                0x00006014       0x9c CMakeFiles/edge_ai_vibration_cm33_core0.dir/C_/Users/User/OneDrive/Desktop/embedded_ai/sdks/frdm_mcxn947_blank_sdk/mcuxsdk/drivers/lpflexcomm/lpuart/fsl_lpuart.c.obj
                0x00006014                LPUART_GetDefaultConfig
 .text.LPUART_GetStatusFlags
                0x000060b0       0x60 CMakeFiles/edge_ai_vibration_cm33_core0.dir/C_/Users/User/OneDrive/Desktop/embedded_ai/sdks/frdm_mcxn947_blank_sdk/mcuxsdk/drivers/lpflexcomm/lpuart/fsl_lpuart.c.obj
                0x000060b0                LPUART_GetStatusFlags
 .text.LPUART_ClearStatusFlags
                0x00006110       0x94 CMakeFiles/edge_ai_vibration_cm33_core0.dir/C_/Users/User/OneDrive/Desktop/embedded_ai/sdks/frdm_mcxn947_blank_sdk/mcuxsdk/drivers/lpflexcomm/lpuart/fsl_lpuart.c.obj
                0x00006110                LPUART_ClearStatusFlags
 .text.LPUART_WriteBlocking
                0x000061a4       0x78 CMakeFiles/edge_ai_vibration_cm33_core0.dir/C_/Users/User/OneDrive/Desktop/embedded_ai/sdks/frdm_mcxn947_blank_sdk/mcuxsdk/drivers/lpflexcomm/lpuart/fsl_lpuart.c.obj
                0x000061a4                LPUART_WriteBlocking
 .text.LPUART_ReadBlocking
                0x0000621c      0x174 CMakeFiles/edge_ai_vibration_cm33_core0.dir/C_/Users/User/OneDrive/Desktop/embedded_ai/sdks/frdm_mcxn947_blank_sdk/mcuxsdk/drivers/lpflexcomm/lpuart/fsl_lpuart.c.obj
                0x0000621c                LPUART_ReadBlocking
 .text.fsl_assert_hook
                0x00006390       0x1a CMakeFiles/edge_ai_vibration_cm33_core0.dir/C_/Users/User/OneDrive/Desktop/embedded_ai/sdks/frdm_mcxn947_blank_sdk/mcuxsdk/components/assert/fsl_assert.c.obj
                0x00006390                fsl_assert_hook
 *fill*         0x000063aa        0x2 
 .text.__assert_func
                0x000063ac       0x40 CMakeFiles/edge_ai_vibration_cm33_core0.dir/C_/Users/User/OneDrive/Desktop/embedded_ai/sdks/frdm_mcxn947_blank_sdk/mcuxsdk/components/assert/fsl_assert.c.obj
                0x000063ac                __assert_func
 .text.DbgConsole_Init
                0x000063ec       0x88 CMakeFiles/edge_ai_vibration_cm33_core0.dir/C_/Users/User/OneDrive/Desktop/embedded_ai/sdks/frdm_mcxn947_blank_sdk/mcuxsdk/components/debug_console_lite/fsl_debug_console.c.obj
                0x000063ec                DbgConsole_Init
 .text.DbgConsole_Printf
                0x00006474       0x2c CMakeFiles/edge_ai_vibration_cm33_core0.dir/C_/Users/User/OneDrive/Desktop/embedded_ai/sdks/frdm_mcxn947_blank_sdk/mcuxsdk/components/debug_console_lite/fsl_debug_console.c.obj
                0x00006474                DbgConsole_Printf
 .text.DbgConsole_Vprintf
                0x000064a0       0x3c CMakeFiles/edge_ai_vibration_cm33_core0.dir/C_/Users/User/OneDrive/Desktop/embedded_ai/sdks/frdm_mcxn947_blank_sdk/mcuxsdk/components/debug_console_lite/fsl_debug_console.c.obj
                0x000064a0                DbgConsole_Vprintf
 .text.DbgConsole_Putchar
                0x000064dc       0x30 CMakeFiles/edge_ai_vibration_cm33_core0.dir/C_/Users/User/OneDrive/Desktop/embedded_ai/sdks/frdm_mcxn947_blank_sdk/mcuxsdk/components/debug_console_lite/fsl_debug_console.c.obj
                0x000064dc                DbgConsole_Putchar
 .text.DbgConsole_PrintfPaddingCharacter
                0x0000650c       0x40 CMakeFiles/edge_ai_vibration_cm33_core0.dir/C_/Users/User/OneDrive/Desktop/embedded_ai/sdks/frdm_mcxn947_blank_sdk/mcuxsdk/components/debug_console_lite/fsl_debug_console.c.obj
 .text.DbgConsole_ConvertRadixNumToString
                0x0000654c       0xc2 CMakeFiles/edge_ai_vibration_cm33_core0.dir/C_/Users/User/OneDrive/Desktop/embedded_ai/sdks/frdm_mcxn947_blank_sdk/mcuxsdk/components/debug_console_lite/fsl_debug_console.c.obj
 *fill*         0x0000660e        0x2 
 .text.DbgConsole_PrintfFormattedData
                0x00006610      0x3e0 CMakeFiles/edge_ai_vibration_cm33_core0.dir/C_/Users/User/OneDrive/Desktop/embedded_ai/sdks/frdm_mcxn947_blank_sdk/mcuxsdk/components/debug_console_lite/fsl_debug_console.c.obj
 .text.HAL_UartGetStatus
                0x000069f0       0x28 CMakeFiles/edge_ai_vibration_cm33_core0.dir/C_/Users/User/OneDrive/Desktop/embedded_ai/sdks/frdm_mcxn947_blank_sdk/mcuxsdk/components/uart/fsl_adapter_lpuart.c.obj
 .text.HAL_UartInitCommon
                0x00006a18       0xe4 CMakeFiles/edge_ai_vibration_cm33_core0.dir/C_/Users/User/OneDrive/Desktop/embedded_ai/sdks/frdm_mcxn947_blank_sdk/mcuxsdk/components/uart/fsl_adapter_lpuart.c.obj
 .text.HAL_UartInit
                0x00006afc       0xac CMakeFiles/edge_ai_vibration_cm33_core0.dir/C_/Users/User/OneDrive/Desktop/embedded_ai/sdks/frdm_mcxn947_blank_sdk/mcuxsdk/components/uart/fsl_adapter_lpuart.c.obj
                0x00006afc                HAL_UartInit
 .text.HAL_UartReceiveBlocking
                0x00006ba8       0x8c CMakeFiles/edge_ai_vibration_cm33_core0.dir/C_/Users/User/OneDrive/Desktop/embedded_ai/sdks/frdm_mcxn947_blank_sdk/mcuxsdk/components/uart/fsl_adapter_lpuart.c.obj
                0x00006ba8                HAL_UartReceiveBlocking
 .text.HAL_UartSendBlocking
                0x00006c34       0x84 CMakeFiles/edge_ai_vibration_cm33_core0.dir/C_/Users/User/OneDrive/Desktop/embedded_ai/sdks/frdm_mcxn947_blank_sdk/mcuxsdk/components/uart/fsl_adapter_lpuart.c.obj
                0x00006c34                HAL_UartSendBlocking
 .text.print_startup_diagnostics
                0x00006cb8       0xc0 CMakeFiles/edge_ai_vibration_cm33_core0.dir/app/main.c.obj
 .text.main     0x00006d78       0x9c CMakeFiles/edge_ai_vibration_cm33_core0.dir/app/main.c.obj
                0x00006d78                main
 .text.generate_signal
                0x00006e14       0xb0 CMakeFiles/edge_ai_vibration_cm33_core0.dir/dsp/signal_generator.c.obj
                0x00006e14                generate_signal
 .text.run_fft  0x00006ec4       0xf8 CMakeFiles/edge_ai_vibration_cm33_core0.dir/dsp/fft_engine.c.obj
                0x00006ec4                run_fft
 .text.extract_features
                0x00006fbc       0xcc CMakeFiles/edge_ai_vibration_cm33_core0.dir/dsp/feature_extraction.c.obj
                0x00006fbc                extract_features
 .text.detect_anomaly
                0x00007088      0x17c CMakeFiles/edge_ai_vibration_cm33_core0.dir/ai/anomaly_detector.c.obj
                0x00007088                detect_anomaly
 .text.exit     0x00007204       0x24 C:/Users/User/.mcuxpressotools/arm-gnu-toolchain-14.2.rel1-mingw-w64-x86_64-arm-none-eabi/bin/../lib/gcc/arm-none-eabi/14.2.1/thumb/v8-m.main+fp/hard\libc_nano.a(libc_a-exit.o)
                0x00007204                exit
 .text.memset   0x00007228       0x10 C:/Users/User/.mcuxpressotools/arm-gnu-toolchain-14.2.rel1-mingw-w64-x86_64-arm-none-eabi/bin/../lib/gcc/arm-none-eabi/14.2.1/thumb/v8-m.main+fp/hard\libc_nano.a(libc_a-memset.o)
                0x00007228                memset
 .text.__libc_init_array
                0x00007238       0x48 C:/Users/User/.mcuxpressotools/arm-gnu-toolchain-14.2.rel1-mingw-w64-x86_64-arm-none-eabi/bin/../lib/gcc/arm-none-eabi/14.2.1/thumb/v8-m.main+fp/hard\libc_nano.a(libc_a-init.o)
                0x00007238                __libc_init_array
 .text.__fixunssfdi
                0x00007280       0x40 C:/Users/User/.mcuxpressotools/arm-gnu-toolchain-14.2.rel1-mingw-w64-x86_64-arm-none-eabi/bin/../lib/gcc/arm-none-eabi/14.2.1/thumb/v8-m.main+fp/hard\libgcc.a(_fixunssfdi.o)
                0x00007280                __fixunssfdi
                0x00007280                __aeabi_f2ulz
 .text.__udivmoddi4
                0x000072c0      0x34c C:/Users/User/.mcuxpressotools/arm-gnu-toolchain-14.2.rel1-mingw-w64-x86_64-arm-none-eabi/bin/../lib/gcc/arm-none-eabi/14.2.1/thumb/v8-m.main+fp/hard\libgcc.a(_udivmoddi4.o)
                0x000072c0                __udivmoddi4
 .text._exit    0x0000760c        0x4 C:/Users/User/.mcuxpressotools/arm-gnu-toolchain-14.2.rel1-mingw-w64-x86_64-arm-none-eabi/bin/../lib/gcc/arm-none-eabi/14.2.1/thumb/v8-m.main+fp/hard\libnosys.a(_exit.o)
                0x0000760c                _exit
 *(.rodata)
 .rodata        0x00007610      0x12c CMakeFiles/edge_ai_vibration_cm33_core0.dir/C_/Users/User/OneDrive/Desktop/embedded_ai/sdks/frdm_mcxn947_blank_sdk/mcuxsdk/devices/MCX/MCXN/MCXN947/drivers/fsl_clock.c.obj
 .rodata        0x0000773c       0xb2 CMakeFiles/edge_ai_vibration_cm33_core0.dir/C_/Users/User/OneDrive/Desktop/embedded_ai/sdks/frdm_mcxn947_blank_sdk/mcuxsdk/devices/MCX/MCXN/MCXN947/drivers/fsl_reset.c.obj
 *fill*         0x000077ee        0x2 
 .rodata        0x000077f0       0xc2 CMakeFiles/edge_ai_vibration_cm33_core0.dir/C_/Users/User/OneDrive/Desktop/embedded_ai/sdks/frdm_mcxn947_blank_sdk/mcuxsdk/examples/_boards/frdmmcxn947/clock_config.c.obj
 *fill*         0x000078b2        0x2 
 .rodata        0x000078b4      0x117 CMakeFiles/edge_ai_vibration_cm33_core0.dir/eed67934c269ebc1da66cdc17afb4ef9/sdks/frdm_mcxn947_blank_sdk/mcuxsdk/examples/_boards/frdmmcxn947/demo_apps/hello_world/pin_mux.c.obj
 *fill*         0x000079cb        0x1 
 .rodata        0x000079cc       0xc4 CMakeFiles/edge_ai_vibration_cm33_core0.dir/C_/Users/User/OneDrive/Desktop/embedded_ai/sdks/frdm_mcxn947_blank_sdk/mcuxsdk/drivers/common/fsl_common_arm.c.obj
 .rodata        0x00007a90      0x1a2 CMakeFiles/edge_ai_vibration_cm33_core0.dir/C_/Users/User/OneDrive/Desktop/embedded_ai/sdks/frdm_mcxn947_blank_sdk/mcuxsdk/drivers/lpflexcomm/fsl_lpflexcomm.c.obj
 *fill*         0x00007c32        0x2 
 .rodata        0x00007c34       0xbb CMakeFiles/edge_ai_vibration_cm33_core0.dir/C_/Users/User/OneDrive/Desktop/embedded_ai/sdks/frdm_mcxn947_blank_sdk/mcuxsdk/drivers/mcx_spc/fsl_spc.c.obj
 *fill*         0x00007cef        0x1 
 .rodata        0x00007cf0      0x22e CMakeFiles/edge_ai_vibration_cm33_core0.dir/C_/Users/User/OneDrive/Desktop/embedded_ai/sdks/frdm_mcxn947_blank_sdk/mcuxsdk/drivers/lpflexcomm/lpuart/fsl_lpuart.c.obj
 *fill*         0x00007f1e        0x2 
 .rodata        0x00007f20       0x3e CMakeFiles/edge_ai_vibration_cm33_core0.dir/C_/Users/User/OneDrive/Desktop/embedded_ai/sdks/frdm_mcxn947_blank_sdk/mcuxsdk/components/assert/fsl_assert.c.obj
 *fill*         0x00007f5e        0x2 
 .rodata        0x00007f60      0x138 CMakeFiles/edge_ai_vibration_cm33_core0.dir/C_/Users/User/OneDrive/Desktop/embedded_ai/sdks/frdm_mcxn947_blank_sdk/mcuxsdk/components/uart/fsl_adapter_lpuart.c.obj
 .rodata        0x00008098      0x15f CMakeFiles/edge_ai_vibration_cm33_core0.dir/app/main.c.obj
 *fill*         0x000081f7        0x1 
 .rodata        0x000081f8       0x62 CMakeFiles/edge_ai_vibration_cm33_core0.dir/dsp/signal_generator.c.obj
 *fill*         0x0000825a        0x2 
 .rodata        0x0000825c       0x8a CMakeFiles/edge_ai_vibration_cm33_core0.dir/dsp/fft_engine.c.obj
 *fill*         0x000082e6        0x2 
 .rodata        0x000082e8       0x8f CMakeFiles/edge_ai_vibration_cm33_core0.dir/dsp/feature_extraction.c.obj
 *fill*         0x00008377        0x1 
 .rodata        0x00008378      0x111 CMakeFiles/edge_ai_vibration_cm33_core0.dir/ai/anomaly_detector.c.obj
 *(.rodata*)
 *fill*         0x00008489        0x3 
 .rodata.__func__.2
                0x0000848c       0x10 CMakeFiles/edge_ai_vibration_cm33_core0.dir/C_/Users/User/OneDrive/Desktop/embedded_ai/sdks/frdm_mcxn947_blank_sdk/mcuxsdk/devices/MCX/MCXN/MCXN947/drivers/fsl_clock.c.obj
 .rodata.__func__.0
                0x0000849c       0x1b CMakeFiles/edge_ai_vibration_cm33_core0.dir/C_/Users/User/OneDrive/Desktop/embedded_ai/sdks/frdm_mcxn947_blank_sdk/mcuxsdk/devices/MCX/MCXN/MCXN947/drivers/fsl_reset.c.obj
 *fill*         0x000084b7        0x1 
 .rodata.twiddleCoef_16
                0x000084b8       0x80 CMakeFiles/edge_ai_vibration_cm33_core0.dir/C_/Users/User/OneDrive/Desktop/embedded_ai/sdks/frdm_mcxn947_blank_sdk/mcuxsdk/arch/arm/CMSIS/DSP/Source/CommonTables/CommonTables.c.obj
                0x000084b8                twiddleCoef_16
 .rodata.twiddleCoef_32
                0x00008538      0x100 CMakeFiles/edge_ai_vibration_cm33_core0.dir/C_/Users/User/OneDrive/Desktop/embedded_ai/sdks/frdm_mcxn947_blank_sdk/mcuxsdk/arch/arm/CMSIS/DSP/Source/CommonTables/CommonTables.c.obj
                0x00008538                twiddleCoef_32
 .rodata.twiddleCoef_64
                0x00008638      0x200 CMakeFiles/edge_ai_vibration_cm33_core0.dir/C_/Users/User/OneDrive/Desktop/embedded_ai/sdks/frdm_mcxn947_blank_sdk/mcuxsdk/arch/arm/CMSIS/DSP/Source/CommonTables/CommonTables.c.obj
                0x00008638                twiddleCoef_64
 .rodata.twiddleCoef_128
                0x00008838      0x400 CMakeFiles/edge_ai_vibration_cm33_core0.dir/C_/Users/User/OneDrive/Desktop/embedded_ai/sdks/frdm_mcxn947_blank_sdk/mcuxsdk/arch/arm/CMSIS/DSP/Source/CommonTables/CommonTables.c.obj
                0x00008838                twiddleCoef_128
 .rodata.twiddleCoef_256
                0x00008c38      0x800 CMakeFiles/edge_ai_vibration_cm33_core0.dir/C_/Users/User/OneDrive/Desktop/embedded_ai/sdks/frdm_mcxn947_blank_sdk/mcuxsdk/arch/arm/CMSIS/DSP/Source/CommonTables/CommonTables.c.obj
                0x00008c38                twiddleCoef_256
 .rodata.twiddleCoef_512
                0x00009438     0x1000 CMakeFiles/edge_ai_vibration_cm33_core0.dir/C_/Users/User/OneDrive/Desktop/embedded_ai/sdks/frdm_mcxn947_blank_sdk/mcuxsdk/arch/arm/CMSIS/DSP/Source/CommonTables/CommonTables.c.obj
                0x00009438                twiddleCoef_512
 .rodata.twiddleCoef_1024
                0x0000a438     0x2000 CMakeFiles/edge_ai_vibration_cm33_core0.dir/C_/Users/User/OneDrive/Desktop/embedded_ai/sdks/frdm_mcxn947_blank_sdk/mcuxsdk/arch/arm/CMSIS/DSP/Source/CommonTables/CommonTables.c.obj
                0x0000a438                twiddleCoef_1024
 .rodata.twiddleCoef_2048
                0x0000c438     0x4000 CMakeFiles/edge_ai_vibration_cm33_core0.dir/C_/Users/User/OneDrive/Desktop/embedded_ai/sdks/frdm_mcxn947_blank_sdk/mcuxsdk/arch/arm/CMSIS/DSP/Source/CommonTables/CommonTables.c.obj
                0x0000c438                twiddleCoef_2048
 .rodata.armBitRevIndexTable16
                0x00010438       0x28 CMakeFiles/edge_ai_vibration_cm33_core0.dir/C_/Users/User/OneDrive/Desktop/embedded_ai/sdks/frdm_mcxn947_blank_sdk/mcuxsdk/arch/arm/CMSIS/DSP/Source/CommonTables/CommonTables.c.obj
                0x00010438                armBitRevIndexTable16
 .rodata.armBitRevIndexTable32
                0x00010460       0x60 CMakeFiles/edge_ai_vibration_cm33_core0.dir/C_/Users/User/OneDrive/Desktop/embedded_ai/sdks/frdm_mcxn947_blank_sdk/mcuxsdk/arch/arm/CMSIS/DSP/Source/CommonTables/CommonTables.c.obj
                0x00010460                armBitRevIndexTable32
 .rodata.armBitRevIndexTable64
                0x000104c0       0x70 CMakeFiles/edge_ai_vibration_cm33_core0.dir/C_/Users/User/OneDrive/Desktop/embedded_ai/sdks/frdm_mcxn947_blank_sdk/mcuxsdk/arch/arm/CMSIS/DSP/Source/CommonTables/CommonTables.c.obj
                0x000104c0                armBitRevIndexTable64
 .rodata.armBitRevIndexTable128
                0x00010530      0x1a0 CMakeFiles/edge_ai_vibration_cm33_core0.dir/C_/Users/User/OneDrive/Desktop/embedded_ai/sdks/frdm_mcxn947_blank_sdk/mcuxsdk/arch/arm/CMSIS/DSP/Source/CommonTables/CommonTables.c.obj
                0x00010530                armBitRevIndexTable128
 .rodata.armBitRevIndexTable256
                0x000106d0      0x370 CMakeFiles/edge_ai_vibration_cm33_core0.dir/C_/Users/User/OneDrive/Desktop/embedded_ai/sdks/frdm_mcxn947_blank_sdk/mcuxsdk/arch/arm/CMSIS/DSP/Source/CommonTables/CommonTables.c.obj
                0x000106d0                armBitRevIndexTable256
 .rodata.armBitRevIndexTable512
                0x00010a40      0x380 CMakeFiles/edge_ai_vibration_cm33_core0.dir/C_/Users/User/OneDrive/Desktop/embedded_ai/sdks/frdm_mcxn947_blank_sdk/mcuxsdk/arch/arm/CMSIS/DSP/Source/CommonTables/CommonTables.c.obj
                0x00010a40                armBitRevIndexTable512
 .rodata.armBitRevIndexTable1024
                0x00010dc0      0xe10 CMakeFiles/edge_ai_vibration_cm33_core0.dir/C_/Users/User/OneDrive/Desktop/embedded_ai/sdks/frdm_mcxn947_blank_sdk/mcuxsdk/arch/arm/CMSIS/DSP/Source/CommonTables/CommonTables.c.obj
                0x00010dc0                armBitRevIndexTable1024
 .rodata.armBitRevIndexTable2048
                0x00011bd0     0x1dc0 CMakeFiles/edge_ai_vibration_cm33_core0.dir/C_/Users/User/OneDrive/Desktop/embedded_ai/sdks/frdm_mcxn947_blank_sdk/mcuxsdk/arch/arm/CMSIS/DSP/Source/CommonTables/CommonTables.c.obj
                0x00011bd0                armBitRevIndexTable2048
 .rodata.twiddleCoef_rfft_32
                0x00013990       0x80 CMakeFiles/edge_ai_vibration_cm33_core0.dir/C_/Users/User/OneDrive/Desktop/embedded_ai/sdks/frdm_mcxn947_blank_sdk/mcuxsdk/arch/arm/CMSIS/DSP/Source/CommonTables/CommonTables.c.obj
                0x00013990                twiddleCoef_rfft_32
 .rodata.twiddleCoef_rfft_64
                0x00013a10      0x100 CMakeFiles/edge_ai_vibration_cm33_core0.dir/C_/Users/User/OneDrive/Desktop/embedded_ai/sdks/frdm_mcxn947_blank_sdk/mcuxsdk/arch/arm/CMSIS/DSP/Source/CommonTables/CommonTables.c.obj
                0x00013a10                twiddleCoef_rfft_64
 .rodata.twiddleCoef_rfft_128
                0x00013b10      0x200 CMakeFiles/edge_ai_vibration_cm33_core0.dir/C_/Users/User/OneDrive/Desktop/embedded_ai/sdks/frdm_mcxn947_blank_sdk/mcuxsdk/arch/arm/CMSIS/DSP/Source/CommonTables/CommonTables.c.obj
                0x00013b10                twiddleCoef_rfft_128
 .rodata.twiddleCoef_rfft_256
                0x00013d10      0x400 CMakeFiles/edge_ai_vibration_cm33_core0.dir/C_/Users/User/OneDrive/Desktop/embedded_ai/sdks/frdm_mcxn947_blank_sdk/mcuxsdk/arch/arm/CMSIS/DSP/Source/CommonTables/CommonTables.c.obj
                0x00013d10                twiddleCoef_rfft_256
 .rodata.twiddleCoef_rfft_512
                0x00014110      0x800 CMakeFiles/edge_ai_vibration_cm33_core0.dir/C_/Users/User/OneDrive/Desktop/embedded_ai/sdks/frdm_mcxn947_blank_sdk/mcuxsdk/arch/arm/CMSIS/DSP/Source/CommonTables/CommonTables.c.obj
                0x00014110                twiddleCoef_rfft_512
 .rodata.twiddleCoef_rfft_1024
                0x00014910     0x1000 CMakeFiles/edge_ai_vibration_cm33_core0.dir/C_/Users/User/OneDrive/Desktop/embedded_ai/sdks/frdm_mcxn947_blank_sdk/mcuxsdk/arch/arm/CMSIS/DSP/Source/CommonTables/CommonTables.c.obj
                0x00014910                twiddleCoef_rfft_1024
 .rodata.twiddleCoef_rfft_2048
                0x00015910     0x2000 CMakeFiles/edge_ai_vibration_cm33_core0.dir/C_/Users/User/OneDrive/Desktop/embedded_ai/sdks/frdm_mcxn947_blank_sdk/mcuxsdk/arch/arm/CMSIS/DSP/Source/CommonTables/CommonTables.c.obj
                0x00015910                twiddleCoef_rfft_2048
 .rodata.twiddleCoef_rfft_4096
                0x00017910     0x4000 CMakeFiles/edge_ai_vibration_cm33_core0.dir/C_/Users/User/OneDrive/Desktop/embedded_ai/sdks/frdm_mcxn947_blank_sdk/mcuxsdk/arch/arm/CMSIS/DSP/Source/CommonTables/CommonTables.c.obj
                0x00017910                twiddleCoef_rfft_4096
 .rodata.sinTable_f32
                0x0001b910      0x804 CMakeFiles/edge_ai_vibration_cm33_core0.dir/C_/Users/User/OneDrive/Desktop/embedded_ai/sdks/frdm_mcxn947_blank_sdk/mcuxsdk/arch/arm/CMSIS/DSP/Source/CommonTables/CommonTables.c.obj
                0x0001b910                sinTable_f32
 .rodata.arm_cfft_sR_f32_len16
                0x0001c114       0x10 CMakeFiles/edge_ai_vibration_cm33_core0.dir/C_/Users/User/OneDrive/Desktop/embedded_ai/sdks/frdm_mcxn947_blank_sdk/mcuxsdk/arch/arm/CMSIS/DSP/Source/CommonTables/CommonTables.c.obj
                0x0001c114                arm_cfft_sR_f32_len16
 .rodata.arm_cfft_sR_f32_len32
                0x0001c124       0x10 CMakeFiles/edge_ai_vibration_cm33_core0.dir/C_/Users/User/OneDrive/Desktop/embedded_ai/sdks/frdm_mcxn947_blank_sdk/mcuxsdk/arch/arm/CMSIS/DSP/Source/CommonTables/CommonTables.c.obj
                0x0001c124                arm_cfft_sR_f32_len32
 .rodata.arm_cfft_sR_f32_len64
                0x0001c134       0x10 CMakeFiles/edge_ai_vibration_cm33_core0.dir/C_/Users/User/OneDrive/Desktop/embedded_ai/sdks/frdm_mcxn947_blank_sdk/mcuxsdk/arch/arm/CMSIS/DSP/Source/CommonTables/CommonTables.c.obj
                0x0001c134                arm_cfft_sR_f32_len64
 .rodata.arm_cfft_sR_f32_len128
                0x0001c144       0x10 CMakeFiles/edge_ai_vibration_cm33_core0.dir/C_/Users/User/OneDrive/Desktop/embedded_ai/sdks/frdm_mcxn947_blank_sdk/mcuxsdk/arch/arm/CMSIS/DSP/Source/CommonTables/CommonTables.c.obj
                0x0001c144                arm_cfft_sR_f32_len128
 .rodata.arm_cfft_sR_f32_len256
                0x0001c154       0x10 CMakeFiles/edge_ai_vibration_cm33_core0.dir/C_/Users/User/OneDrive/Desktop/embedded_ai/sdks/frdm_mcxn947_blank_sdk/mcuxsdk/arch/arm/CMSIS/DSP/Source/CommonTables/CommonTables.c.obj
                0x0001c154                arm_cfft_sR_f32_len256
 .rodata.arm_cfft_sR_f32_len512
                0x0001c164       0x10 CMakeFiles/edge_ai_vibration_cm33_core0.dir/C_/Users/User/OneDrive/Desktop/embedded_ai/sdks/frdm_mcxn947_blank_sdk/mcuxsdk/arch/arm/CMSIS/DSP/Source/CommonTables/CommonTables.c.obj
                0x0001c164                arm_cfft_sR_f32_len512
 .rodata.arm_cfft_sR_f32_len1024
                0x0001c174       0x10 CMakeFiles/edge_ai_vibration_cm33_core0.dir/C_/Users/User/OneDrive/Desktop/embedded_ai/sdks/frdm_mcxn947_blank_sdk/mcuxsdk/arch/arm/CMSIS/DSP/Source/CommonTables/CommonTables.c.obj
                0x0001c174                arm_cfft_sR_f32_len1024
 .rodata.arm_cfft_sR_f32_len2048
                0x0001c184       0x10 CMakeFiles/edge_ai_vibration_cm33_core0.dir/C_/Users/User/OneDrive/Desktop/embedded_ai/sdks/frdm_mcxn947_blank_sdk/mcuxsdk/arch/arm/CMSIS/DSP/Source/CommonTables/CommonTables.c.obj
                0x0001c184                arm_cfft_sR_f32_len2048
 .rodata.__func__.0
                0x0001c194       0x12 CMakeFiles/edge_ai_vibration_cm33_core0.dir/C_/Users/User/OneDrive/Desktop/embedded_ai/sdks/frdm_mcxn947_blank_sdk/mcuxsdk/examples/_boards/frdmmcxn947/clock_config.c.obj
 *fill*         0x0001c1a6        0x2 
 .rodata.__func__.1
                0x0001c1a8       0x12 CMakeFiles/edge_ai_vibration_cm33_core0.dir/eed67934c269ebc1da66cdc17afb4ef9/sdks/frdm_mcxn947_blank_sdk/mcuxsdk/examples/_boards/frdmmcxn947/demo_apps/hello_world/pin_mux.c.obj
 *fill*         0x0001c1ba        0x2 
 .rodata.__func__.0
                0x0001c1bc       0x12 CMakeFiles/edge_ai_vibration_cm33_core0.dir/eed67934c269ebc1da66cdc17afb4ef9/sdks/frdm_mcxn947_blank_sdk/mcuxsdk/examples/_boards/frdmmcxn947/demo_apps/hello_world/pin_mux.c.obj
 *fill*         0x0001c1ce        0x2 
 .rodata.__func__.0
                0x0001c1d0       0x13 CMakeFiles/edge_ai_vibration_cm33_core0.dir/C_/Users/User/OneDrive/Desktop/embedded_ai/sdks/frdm_mcxn947_blank_sdk/mcuxsdk/drivers/common/fsl_common_arm.c.obj
 *fill*         0x0001c1e3        0x1 
 .rodata.s_lpflexcommBase
                0x0001c1e4       0x28 CMakeFiles/edge_ai_vibration_cm33_core0.dir/C_/Users/User/OneDrive/Desktop/embedded_ai/sdks/frdm_mcxn947_blank_sdk/mcuxsdk/drivers/lpflexcomm/fsl_lpflexcomm.c.obj
 .rodata.s_lpflexcommClocks
                0x0001c20c       0x14 CMakeFiles/edge_ai_vibration_cm33_core0.dir/C_/Users/User/OneDrive/Desktop/embedded_ai/sdks/frdm_mcxn947_blank_sdk/mcuxsdk/drivers/lpflexcomm/fsl_lpflexcomm.c.obj
 .rodata.s_lpflexcommResets
                0x0001c220       0x28 CMakeFiles/edge_ai_vibration_cm33_core0.dir/C_/Users/User/OneDrive/Desktop/embedded_ai/sdks/frdm_mcxn947_blank_sdk/mcuxsdk/drivers/lpflexcomm/fsl_lpflexcomm.c.obj
 .rodata.__func__.5
                0x0001c248       0x16 CMakeFiles/edge_ai_vibration_cm33_core0.dir/C_/Users/User/OneDrive/Desktop/embedded_ai/sdks/frdm_mcxn947_blank_sdk/mcuxsdk/drivers/lpflexcomm/fsl_lpflexcomm.c.obj
 *fill*         0x0001c25e        0x2 
 .rodata.__func__.4
                0x0001c260       0x11 CMakeFiles/edge_ai_vibration_cm33_core0.dir/C_/Users/User/OneDrive/Desktop/embedded_ai/sdks/frdm_mcxn947_blank_sdk/mcuxsdk/drivers/lpflexcomm/fsl_lpflexcomm.c.obj
 *fill*         0x0001c271        0x3 
 .rodata.__func__.3
                0x0001c274       0x12 CMakeFiles/edge_ai_vibration_cm33_core0.dir/C_/Users/User/OneDrive/Desktop/embedded_ai/sdks/frdm_mcxn947_blank_sdk/mcuxsdk/drivers/lpflexcomm/fsl_lpflexcomm.c.obj
 *fill*         0x0001c286        0x2 
 .rodata.__func__.9
                0x0001c288       0x1a CMakeFiles/edge_ai_vibration_cm33_core0.dir/C_/Users/User/OneDrive/Desktop/embedded_ai/sdks/frdm_mcxn947_blank_sdk/mcuxsdk/drivers/mcx_spc/fsl_spc.c.obj
 *fill*         0x0001c2a2        0x2 
 .rodata.__func__.5
                0x0001c2a4       0x28 CMakeFiles/edge_ai_vibration_cm33_core0.dir/C_/Users/User/OneDrive/Desktop/embedded_ai/sdks/frdm_mcxn947_blank_sdk/mcuxsdk/drivers/mcx_spc/fsl_spc.c.obj
 .rodata.__func__.3
                0x0001c2cc       0x25 CMakeFiles/edge_ai_vibration_cm33_core0.dir/C_/Users/User/OneDrive/Desktop/embedded_ai/sdks/frdm_mcxn947_blank_sdk/mcuxsdk/drivers/mcx_spc/fsl_spc.c.obj
 *fill*         0x0001c2f1        0x3 
 .rodata.s_lpuartBases
                0x0001c2f4       0x28 CMakeFiles/edge_ai_vibration_cm33_core0.dir/C_/Users/User/OneDrive/Desktop/embedded_ai/sdks/frdm_mcxn947_blank_sdk/mcuxsdk/drivers/lpflexcomm/lpuart/fsl_lpuart.c.obj
 .rodata.__func__.25
                0x0001c31c       0x13 CMakeFiles/edge_ai_vibration_cm33_core0.dir/C_/Users/User/OneDrive/Desktop/embedded_ai/sdks/frdm_mcxn947_blank_sdk/mcuxsdk/drivers/lpflexcomm/lpuart/fsl_lpuart.c.obj
 *fill*         0x0001c32f        0x1 
 .rodata.__func__.18
                0x0001c330        0xc CMakeFiles/edge_ai_vibration_cm33_core0.dir/C_/Users/User/OneDrive/Desktop/embedded_ai/sdks/frdm_mcxn947_blank_sdk/mcuxsdk/drivers/lpflexcomm/lpuart/fsl_lpuart.c.obj