C:/Users/A544483/Desktop/Edge/RTOS_Based_Edge_AI_Anomaly_Detection_System_using_MCXN947/include/dsp.h:23:20:print_float_4	72	static
C:/Users/A544483/Desktop/Edge/RTOS_Based_Edge_AI_Anomaly_Detection_System_using_MCXN947/dsp/fft_engine.c:18:13:FFT_Init	8	static
C:/Users/A544483/Desktop/Edge/RTOS_Based_Edge_AI_Anomaly_Detection_System_using_MCXN947/dsp/fft_engine.c:29:13:print_float_2	56	static
C:/Users/A544483/Desktop/Edge/RTOS_Based_Edge_AI_Anomaly_Detection_System_using_MCXN947/dsp/fft_engine.c:46:6:FFT_Process	32	static
C:/Users/A544483/Desktop/Edge/RTOS_Based_Edge_AI_Anomaly_Detection_System_using_MCXN947/dsp/fft_engine.c:73:6:run_fft	8	static
