C:/Users/User/OneDrive/Desktop/embedded_ai/sdks/frdm_mcxn947_blank_sdk/mcuxsdk/devices/MCX/MCXN/MCXN947/drivers/fsl_clock.h:1492:20:CLOCK_EnableClock	24	static
C:/Users/User/OneDrive/Desktop/embedded_ai/edge_ai_vibration/edge_ai_vibration_cm33_core0/frdmmcxn947/clock_config.c:31:6:BOARD_InitBootClocks	8	static
C:/Users/User/OneDrive/Desktop/embedded_ai/edge_ai_vibration/edge_ai_vibration_cm33_core0/frdmmcxn947/clock_config.c:39:6:BOARD_BootClockFRO12M	24	static
C:/Users/User/OneDrive/Desktop/embedded_ai/edge_ai_vibration/edge_ai_vibration_cm33_core0/frdmmcxn947/clock_config.c:79:6:BOARD_BootClockPLL150M	48	static
