C:/Users/User/OneDrive/Desktop/embedded_ai/sdks/frdm_mcxn947_blank_sdk/mcuxsdk/devices/MCX/MCXN/MCXN947/drivers/fsl_clock.h:1492:20:CLOCK_EnableClock	24	static
C:/Users/User/OneDrive/Desktop/embedded_ai/sdks/frdm_mcxn947_blank_sdk/mcuxsdk/drivers/port/fsl_port.h:360:20:PORT_SetPinConfig	32	static
C:/Users/User/OneDrive/Desktop/embedded_ai/sdks/frdm_mcxn947_blank_sdk/mcuxsdk/examples/_boards/frdmmcxn947/demo_apps/hello_world/pin_mux.c:35:6:BOARD_InitBootPins	8	static
C:/Users/User/OneDrive/Desktop/embedded_ai/sdks/frdm_mcxn947_blank_sdk/mcuxsdk/examples/_boards/frdmmcxn947/demo_apps/hello_world/pin_mux.c:63:6:BOARD_InitPins	24	static
