C:/Users/A544483/Desktop/Edge/RTOS_Based_Edge_AI_Anomaly_Detection_System_using_MCXN947/include/dsp.h:23:20:print_float_4	72	static
C:/Users/A544483/Desktop/Edge/RTOS_Based_Edge_AI_Anomaly_Detection_System_using_MCXN947/app/ai_classifier.c:14:6:AI_Classifier_Init	8	static
C:/Users/A544483/Desktop/Edge/RTOS_Based_Edge_AI_Anomaly_Detection_System_using_MCXN947/app/ai_classifier.c:43:17:AI_Classifier_Predict	16	static
C:/Users/A544483/Desktop/Edge/RTOS_Based_Edge_AI_Anomaly_Detection_System_using_MCXN947/app/ai_classifier.c:81:13:AI_Classifier_GetStateName	16	static
C:/Users/A544483/Desktop/Edge/RTOS_Based_Edge_AI_Anomaly_Detection_System_using_MCXN947/app/ai_classifier.c:99:6:AI_Classifier_PrintResults	16	static
