C:/Users/A544483/Desktop/Edge/RTOS_Based_Edge_AI_Anomaly_Detection_System_using_MCXN947/include/dsp.h:23:20:print_float_4	72	static
C:/Users/A544483/Desktop/Edge/RTOS_Based_Edge_AI_Anomaly_Detection_System_using_MCXN947/app/feature_logger.c:14:6:FeatureLogger_Init	4	static
C:/Users/A544483/Desktop/Edge/RTOS_Based_Edge_AI_Anomaly_Detection_System_using_MCXN947/app/feature_logger.c:22:6:FeatureLogger_PrintHeader	8	static
C:/Users/A544483/Desktop/Edge/RTOS_Based_Edge_AI_Anomaly_Detection_System_using_MCXN947/app/feature_logger.c:30:6:FeatureLogger_LogFeatures	24	static
C:/Users/A544483/Desktop/Edge/RTOS_Based_Edge_AI_Anomaly_Detection_System_using_MCXN947/app/feature_logger.c:65:6:FeatureLogger_PrintSummary	24	static
