C:/Users/A544483/Desktop/NXP/frdm_mcxn947/mcuxsdk/arch/arm/CMSIS/Core/Include/core_cm33.h:2555:22:__NVIC_SetPriority	16	static
C:/Users/A544483/Desktop/NXP/frdm_mcxn947/mcuxsdk/arch/arm/CMSIS/Core/Include/core_cm33.h:3108:26:SysTick_Config	16	static
C:/Users/A544483/Desktop/Edge/RTOS_Based_Edge_AI_Anomaly_Detection_System_using_MCXN947/app/main_sensor.c:23:6:SysTick_Handler	8	static
C:/Users/A544483/Desktop/Edge/RTOS_Based_Edge_AI_Anomaly_Detection_System_using_MCXN947/app/main_sensor.c:28:5:main	8	static
