C:/Users/A544483/Desktop/Edge/RTOS_Based_Edge_AI_Anomaly_Detection_System_using_MCXN947/app/task_scheduler.c:20:6:Scheduler_Init	8	static
C:/Users/A544483/Desktop/Edge/RTOS_Based_Edge_AI_Anomaly_Detection_System_using_MCXN947/app/task_scheduler.c:38:5:Scheduler_AddTask	32	static
C:/Users/A544483/Desktop/Edge/RTOS_Based_Edge_AI_Anomaly_Detection_System_using_MCXN947/app/task_scheduler.c:60:6:Scheduler_Tick	4	static
C:/Users/A544483/Desktop/Edge/RTOS_Based_Edge_AI_Anomaly_Detection_System_using_MCXN947/app/task_scheduler.c:68:10:Scheduler_GetTick	4	static
C:/Users/A544483/Desktop/Edge/RTOS_Based_Edge_AI_Anomaly_Detection_System_using_MCXN947/app/task_scheduler.c:76:6:Scheduler_Start	24	static
C:/Users/A544483/Desktop/Edge/RTOS_Based_Edge_AI_Anomaly_Detection_System_using_MCXN947/app/task_scheduler.c:110:15:QueueCreate	24	static
C:/Users/A544483/Desktop/Edge/RTOS_Based_Edge_AI_Anomaly_Detection_System_using_MCXN947/app/task_scheduler.c:137:6:QueueSend	24	static
C:/Users/A544483/Desktop/Edge/RTOS_Based_Edge_AI_Anomaly_Detection_System_using_MCXN947/app/task_scheduler.c:164:6:QueueReceive	24	static
C:/Users/A544483/Desktop/Edge/RTOS_Based_Edge_AI_Anomaly_Detection_System_using_MCXN947/app/task_scheduler.c:191:10:QueueCount	16	static
C:/Users/A544483/Desktop/Edge/RTOS_Based_Edge_AI_Anomaly_Detection_System_using_MCXN947/app/task_scheduler.c:203:6:Task_Delay	16	static
